\BOOKMARK [1][-]{section.1}{\376\377\000I\000n\000t\000r\000o\000d\000u\000z\000i\000o\000n\000e}{}% 1
\BOOKMARK [2][-]{subsection.1.1}{\376\377\000S\000c\000o\000p\000o\000\040\000d\000e\000l\000\040\000d\000o\000c\000u\000m\000e\000n\000t\000o}{section.1}% 2
\BOOKMARK [2][-]{subsection.1.2}{\376\377\000P\000r\000o\000s\000p\000e\000t\000t\000i\000v\000a\000\040\000d\000e\000l\000\040\000p\000r\000o\000d\000o\000t\000t\000o}{section.1}% 3
\BOOKMARK [2][-]{subsection.1.3}{\376\377\000F\000u\000n\000z\000i\000o\000n\000i\000\040\000d\000e\000l\000\040\000p\000r\000o\000d\000o\000t\000t\000o}{section.1}% 4
\BOOKMARK [3][-]{subsubsection.1.3.1}{\376\377\000W\000e\000l\000c\000o\000m\000e\000\040\000P\000a\000g\000e\000\040\000e\000\040\000W\000a\000l\000k\000t\000h\000r\000o\000u\000g\000h}{subsection.1.3}% 5
\BOOKMARK [3][-]{subsubsection.1.3.2}{\376\377\000A\000c\000c\000o\000u\000n\000t\000\040\000e\000\040\000I\000m\000p\000o\000s\000t\000a\000z\000i\000o\000n\000i}{subsection.1.3}% 6
\BOOKMARK [3][-]{subsubsection.1.3.3}{\376\377\000D\000e\000t\000e\000c\000t\000i\000v\000e\000\040\000d\000e\000l\000l\000e\000\040\000R\000e\000l\000a\000z\000i\000o\000n\000i\000\040\000e\000\040\000L\000o\000\040\000S\000p\000e\000c\000c\000h\000i\000o\000\040\000I\000n\000t\000e\000l\000l\000i\000g\000e\000n\000t\000e}{subsection.1.3}% 7
\BOOKMARK [3][-]{subsubsection.1.3.4}{\376\377\000L\000a\000\040\000G\000u\000i\000d\000a\000\040\000a\000l\000\040\000C\000o\000r\000a\000g\000g\000i\000o}{subsection.1.3}% 8
\BOOKMARK [3][-]{subsubsection.1.3.5}{\376\377\000G\000u\000a\000r\000d\000i\000a\000n\000o\000\040\000S\000i\000l\000e\000n\000z\000i\000o\000s\000o}{subsection.1.3}% 9
\BOOKMARK [3][-]{subsubsection.1.3.6}{\376\377\000D\000i\000a\000r\000i\000o\000\040\000C\000r\000i\000p\000t\000a\000t\000o}{subsection.1.3}% 10
\BOOKMARK [2][-]{subsection.1.4}{\376\377\000C\000a\000r\000a\000t\000t\000e\000r\000i\000s\000t\000i\000c\000h\000e\000\040\000d\000e\000l\000l\000'\000u\000t\000e\000n\000t\000e}{section.1}% 11
\BOOKMARK [2][-]{subsection.1.5}{\376\377\000R\000i\000f\000e\000r\000i\000m\000e\000n\000t\000i}{section.1}% 12
\BOOKMARK [3][-]{subsubsection.1.5.1}{\376\377\000R\000i\000f\000e\000r\000i\000m\000e\000n\000t\000i\000\040\000n\000o\000r\000m\000a\000t\000i\000v\000i}{subsection.1.5}% 13
\BOOKMARK [3][-]{subsubsection.1.5.2}{\376\377\000R\000i\000f\000e\000r\000i\000m\000e\000n\000t\000i\000\040\000i\000n\000f\000o\000r\000m\000a\000t\000i\000v\000i}{subsection.1.5}% 14
\BOOKMARK [1][-]{section.2}{\376\377\000C\000a\000s\000i\000\040\000d\000'\000u\000s\000o}{}% 15
\BOOKMARK [2][-]{subsection.2.1}{\376\377\000S\000c\000o\000p\000o}{section.2}% 16
\BOOKMARK [2][-]{subsection.2.2}{\376\377\000N\000o\000m\000e\000n\000c\000l\000a\000t\000u\000r\000a\000\040\000c\000a\000s\000i\000\040\000d\000'\000u\000s\000o}{section.2}% 17
\BOOKMARK [2][-]{subsection.2.3}{\376\377\000A\000t\000t\000o\000r\000i}{section.2}% 18
\BOOKMARK [2][-]{subsection.2.4}{\376\377\000L\000i\000s\000t\000a\000\040\000c\000a\000s\000i\000\040\000d\000'\000u\000s\000o}{section.2}% 19
\BOOKMARK [3][-]{subsubsection.2.4.1}{\376\377\000U\000C\000-\0001\000\040\000A\000u\000t\000e\000n\000t\000i\000c\000a\000z\000i\000o\000n\000e\000\040\000a\000l\000l\000'\000A\000p\000p\000\040\000t\000r\000a\000m\000i\000t\000e\000\040\000G\000o\000o\000g\000l\000e\000\040\000A\000u\000t\000h}{subsection.2.4}% 20
\BOOKMARK [3][-]{subsubsection.2.4.2}{\376\377\000U\000C\000-\0002\000\040\000V\000i\000s\000u\000a\000l\000i\000z\000z\000a\000z\000i\000o\000n\000e\000\040\000M\000e\000s\000s\000a\000g\000g\000i\000o\000\040\000d\000i\000\040\000E\000r\000r\000o\000r\000e\000\040\000p\000e\000r\000\040\000A\000u\000t\000e\000n\000t\000i\000c\000a\000z\000i\000o\000n\000e\000\040\000F\000a\000l\000l\000i\000t\000a}{subsection.2.4}% 21
\BOOKMARK [3][-]{subsubsection.2.4.3}{\376\377\000U\000C\000-\0003\000\040\000-\000\040\000E\000s\000e\000c\000u\000z\000i\000o\000n\000e\000\040\000W\000a\000l\000k\000t\000h\000r\000o\000u\000g\000h\000\040\000I\000n\000t\000e\000r\000a\000t\000t\000i\000v\000o}{subsection.2.4}% 22
\BOOKMARK [3][-]{subsubsection.2.4.4}{\376\377\000U\000C\000-\0004\000\040\000-\000\040\000S\000a\000l\000t\000a\000\040\000W\000a\000l\000k\000t\000h\000r\000o\000u\000g\000h}{subsection.2.4}% 23
\BOOKMARK [3][-]{subsubsection.2.4.5}{\376\377\000U\000C\000-\0003\000.\0001\000\040\000-\000\040\000S\000e\000l\000e\000z\000i\000o\000n\000e\000\040\000P\000r\000o\000f\000i\000l\000o}{subsection.2.4}% 24
\BOOKMARK [3][-]{subsubsection.2.4.6}{\376\377\000U\000C\000-\0003\000.\0002\000\040\000-\000\040\000W\000a\000l\000k\000t\000h\000r\000o\000u\000g\000h\000\040\000d\000i\000a\000r\000i\000o\000\040\000c\000r\000i\000p\000t\000a\000t\000o}{subsection.2.4}% 25
\BOOKMARK [3][-]{subsubsection.2.4.7}{\376\377\000U\000C\000-\0003\000.\0003\000\040\000-\000\040\000W\000a\000l\000k\000t\000h\000r\000o\000u\000g\000h\000\040\000c\000o\000n\000t\000a\000t\000t\000o\000\040\000f\000i\000d\000a\000t\000o}{subsection.2.4}% 26
\BOOKMARK [3][-]{subsubsection.2.4.8}{\376\377\000U\000C\000-\0005\000\040\000-\000\040\000S\000a\000l\000t\000a\000\040\000f\000e\000a\000t\000u\000r\000e}{subsection.2.4}% 27
\BOOKMARK [3][-]{subsubsection.2.4.9}{\376\377\000U\000C\000-\0006\000\040\000-\000\040\000V\000i\000s\000u\000a\000l\000i\000z\000z\000a\000z\000i\000o\000n\000e\000\040\000l\000i\000s\000t\000a\000\040\000c\000o\000n\000t\000a\000t\000t\000i\000\040\000f\000i\000d\000a\000t\000i}{subsection.2.4}% 28
\BOOKMARK [3][-]{subsubsection.2.4.10}{\376\377\000U\000C\000-\0006\000.\0001\000\040\000-\000\040\000V\000i\000s\000u\000a\000l\000i\000z\000z\000a\000z\000i\000o\000n\000e\000\040\000s\000i\000n\000g\000o\000l\000o\000\040\000c\000o\000n\000t\000a\000t\000t\000o\000\040\000f\000i\000d\000a\000t\000o\000\040\000n\000e\000l\000l\000a\000\040\000l\000i\000s\000t\000a}{subsection.2.4}% 29
\BOOKMARK [3][-]{subsubsection.2.4.11}{\376\377\000U\000C\000-\0007\000\040\000-\000\040\000V\000i\000s\000u\000a\000l\000i\000z\000z\000a\000z\000i\000o\000n\000e\000\040\000I\000n\000f\000o\000r\000m\000a\000z\000i\000o\000n\000i\000\040\000C\000o\000n\000t\000a\000t\000t\000o\000\040\000F\000i\000d\000a\000t\000o}{subsection.2.4}% 30
\BOOKMARK [3][-]{subsubsection.2.4.12}{\376\377\000U\000C\000-\0007\000.\0001\000\040\000-\000\040\000V\000i\000s\000u\000a\000l\000i\000z\000z\000a\000z\000i\000o\000n\000e\000\040\000n\000o\000m\000e\000\040\000c\000o\000n\000t\000a\000t\000t\000o\000\040\000f\000i\000d\000a\000t\000o}{subsection.2.4}% 31
\BOOKMARK [3][-]{subsubsection.2.4.13}{\376\377\000U\000C\000-\0007\000.\0002\000\040\000-\000\040\000V\000i\000s\000u\000a\000l\000i\000z\000z\000a\000z\000i\000o\000n\000e\000\040\000n\000u\000m\000e\000r\000o\000\040\000d\000i\000\040\000t\000e\000l\000e\000f\000o\000n\000o\000\040\000c\000o\000n\000t\000a\000t\000t\000o\000\040\000f\000i\000d\000a\000t\000o}{subsection.2.4}% 32
\BOOKMARK [3][-]{subsubsection.2.4.14}{\376\377\000U\000C\000-\0007\000.\0003\000\040\000-\000\040\000V\000i\000s\000u\000a\000l\000i\000z\000z\000a\000z\000i\000o\000n\000e\000\040\000i\000n\000d\000i\000r\000i\000z\000z\000o\000\040\000e\000m\000a\000i\000l\000\040\000c\000o\000n\000t\000a\000t\000t\000o\000\040\000f\000i\000d\000a\000t\000o}{subsection.2.4}% 33
\BOOKMARK [3][-]{subsubsection.2.4.15}{\376\377\000U\000C\000-\0008\000\040\000-\000\040\000A\000g\000g\000i\000u\000n\000t\000a\000\040\000c\000o\000n\000t\000a\000t\000t\000o\000\040\000f\000i\000d\000a\000t\000o}{subsection.2.4}% 34
\BOOKMARK [3][-]{subsubsection.2.4.16}{\376\377\000U\000C\000-\0008\000.\0001\000\040\000-\000\040\000I\000n\000s\000e\000r\000i\000m\000e\000n\000t\000o\000\040\000n\000o\000m\000e\000\040\000c\000o\000n\000t\000a\000t\000t\000o\000\040\000f\000i\000d\000a\000t\000o}{subsection.2.4}% 35
\BOOKMARK [3][-]{subsubsection.2.4.17}{\376\377\000U\000C\000-\0008\000.\0002\000\040\000-\000\040\000I\000n\000s\000e\000r\000i\000m\000e\000n\000t\000o\000\040\000n\000u\000m\000e\000r\000o\000\040\000d\000i\000\040\000t\000e\000l\000e\000f\000o\000n\000o\000\040\000c\000o\000n\000t\000a\000t\000t\000o\000\040\000f\000i\000d\000a\000t\000o}{subsection.2.4}% 36
\BOOKMARK [3][-]{subsubsection.2.4.18}{\376\377\000U\000C\000-\0008\000.\0003\000\040\000-\000\040\000I\000n\000s\000e\000r\000i\000m\000e\000n\000t\000o\000\040\000i\000n\000d\000i\000r\000i\000z\000z\000o\000\040\000e\000m\000a\000i\000l\000\040\000c\000o\000n\000t\000a\000t\000t\000o\000\040\000f\000i\000d\000a\000t\000o}{subsection.2.4}% 37
\BOOKMARK [3][-]{subsubsection.2.4.19}{\376\377\000U\000C\000-\0009\000\040\000I\000n\000f\000o\000r\000m\000a\000z\000i\000o\000n\000i\000\040\000d\000i\000\040\000c\000o\000n\000t\000a\000t\000t\000o\000\040\000g\000i\000\340\000\040\000p\000r\000e\000s\000e\000n\000t\000i\000\040\000n\000e\000l\000\040\000s\000i\000s\000t\000e\000m\000a}{subsection.2.4}% 38
\BOOKMARK [3][-]{subsubsection.2.4.20}{\376\377\000U\000C\000-\0001\0000\000\040\000N\000u\000m\000e\000r\000o\000\040\000d\000i\000\040\000t\000e\000l\000e\000f\000o\000n\000o\000\040\000n\000o\000n\000\040\000c\000o\000n\000f\000o\000r\000m\000e\000\040\000a\000i\000\040\000c\000r\000i\000t\000e\000r\000i}{subsection.2.4}% 39
\BOOKMARK [3][-]{subsubsection.2.4.21}{\376\377\000U\000C\000-\0001\0001\000\040\000I\000n\000d\000i\000r\000i\000z\000z\000o\000\040\000e\000m\000a\000i\000l\000\040\000d\000i\000\040\000t\000e\000l\000e\000f\000o\000n\000o\000\040\000n\000o\000n\000\040\000c\000o\000n\000f\000o\000r\000m\000e\000\040\000a\000i\000\040\000c\000r\000i\000t\000e\000r\000i}{subsection.2.4}% 40
\BOOKMARK [3][-]{subsubsection.2.4.22}{\376\377\000U\000C\000-\0001\0002\000\040\000-\000\040\000M\000o\000d\000i\000f\000i\000c\000a\000\040\000c\000o\000n\000t\000a\000t\000t\000o\000\040\000f\000i\000d\000a\000t\000o}{subsection.2.4}% 41
\BOOKMARK [3][-]{subsubsection.2.4.23}{\376\377\000U\000C\000-\0001\0002\000.\0001\000\040\000-\000\040\000M\000o\000d\000i\000f\000i\000c\000a\000\040\000n\000o\000m\000e\000\040\000c\000o\000n\000t\000a\000t\000t\000o\000\040\000f\000i\000d\000a\000t\000o}{subsection.2.4}% 42
\BOOKMARK [3][-]{subsubsection.2.4.24}{\376\377\000U\000C\000-\0001\0002\000.\0002\000\040\000-\000\040\000M\000o\000d\000i\000f\000i\000c\000a\000\040\000n\000u\000m\000e\000r\000o\000\040\000d\000i\000\040\000t\000e\000l\000e\000f\000o\000n\000o\000\040\000c\000o\000n\000t\000a\000t\000t\000o\000\040\000f\000i\000d\000a\000t\000o}{subsection.2.4}% 43
\BOOKMARK [3][-]{subsubsection.2.4.25}{\376\377\000U\000C\000-\0001\0002\000.\0003\000\040\000-\000\040\000M\000o\000d\000i\000f\000i\000c\000a\000\040\000i\000n\000d\000i\000r\000i\000z\000z\000o\000\040\000e\000m\000a\000i\000l\000\040\000c\000o\000n\000t\000a\000t\000t\000o\000\040\000f\000i\000d\000a\000t\000o}{subsection.2.4}% 44
\BOOKMARK [3][-]{subsubsection.2.4.26}{\376\377\000U\000C\000-\0001\0003\000\040\000E\000l\000i\000m\000i\000n\000a\000z\000i\000o\000n\000e\000\040\000C\000o\000n\000t\000a\000t\000t\000o\000\040\000F\000i\000d\000a\000t\000o}{subsection.2.4}% 45
\BOOKMARK [3][-]{subsubsection.2.4.27}{\376\377\000U\000C\000-\0001\0003\000.\0001\000\040\000C\000o\000n\000f\000e\000r\000m\000a\000\040\000E\000l\000i\000m\000i\000n\000a\000z\000i\000o\000n\000e\000\040\000C\000o\000n\000t\000a\000t\000t\000o\000\040\000F\000i\000d\000a\000t\000o}{subsection.2.4}% 46
\BOOKMARK [3][-]{subsubsection.2.4.28}{\376\377\000U\000C\000-\0001\0004\000\040\000R\000i\000f\000i\000u\000t\000o\000\040\000C\000o\000n\000f\000e\000r\000m\000a\000\040\000E\000l\000i\000m\000i\000n\000a\000z\000i\000o\000n\000e\000\040\000C\000o\000n\000t\000a\000t\000t\000o\000\040\000F\000i\000d\000a\000t\000o}{subsection.2.4}% 47
\BOOKMARK [3][-]{subsubsection.2.4.29}{\376\377\000U\000C\000-\0001\0005\000\040\000-\000\040\000I\000m\000p\000o\000s\000t\000a\000z\000i\000o\000n\000e\000\040\000t\000i\000m\000e\000r\000\040\000p\000r\000i\000m\000a\000\040\000i\000n\000a\000t\000t\000i\000v\000i\000t\000\340}{subsection.2.4}% 48
\BOOKMARK [3][-]{subsubsection.2.4.30}{\376\377\000U\000C\000-\0001\0006\000\040\000-\000\040\000I\000m\000p\000o\000s\000t\000a\000z\000i\000o\000n\000e\000\040\000t\000i\000m\000e\000r\000\040\000s\000e\000c\000o\000n\000d\000a\000\040\000i\000n\000a\000t\000t\000i\000v\000i\000t\000\340}{subsection.2.4}% 49
\BOOKMARK [3][-]{subsubsection.2.4.31}{\376\377\000U\000C\000-\0001\0007\000\040\000-\000\040\000M\000o\000d\000i\000f\000i\000c\000a\000\040\000t\000i\000t\000o\000l\000o\000\040\000m\000a\000i\000l\000\040\000d\000i\000\040\000a\000v\000v\000i\000s\000o}{subsection.2.4}% 50
\BOOKMARK [3][-]{subsubsection.2.4.32}{\376\377\000U\000C\000-\0001\0008\000\040\000-\000\040\000M\000o\000d\000i\000f\000i\000c\000a\000\040\000c\000o\000r\000p\000o\000\040\000m\000a\000i\000l\000\040\000d\000i\000\040\000a\000v\000v\000i\000s\000o}{subsection.2.4}% 51
\BOOKMARK [3][-]{subsubsection.2.4.33}{\376\377\000U\000C\000-\0001\0009\000\040\000-\000\040\000V\000i\000s\000u\000a\000l\000i\000z\000z\000a\000z\000i\000o\000n\000e\000\040\000p\000r\000e\000v\000i\000e\000w\000\040\000m\000a\000i\000l\000\040\000d\000i\000\040\000a\000v\000v\000i\000s\000o}{subsection.2.4}% 52
\BOOKMARK [3][-]{subsubsection.2.4.34}{\376\377\000U\000C\000-\0001\0009\000.\0001\000\040\000-\000\040\000V\000i\000s\000u\000a\000l\000i\000z\000z\000a\000z\000i\000o\000n\000e\000\040\000t\000i\000t\000o\000l\000o\000\040\000m\000a\000i\000l\000\040\000d\000i\000\040\000a\000v\000v\000i\000s\000o}{subsection.2.4}% 53
\BOOKMARK [3][-]{subsubsection.2.4.35}{\376\377\000U\000C\000-\0001\0009\000.\0002\000\040\000-\000\040\000V\000i\000s\000u\000a\000l\000i\000z\000z\000a\000z\000i\000o\000n\000e\000\040\000c\000o\000r\000p\000o\000\040\000d\000e\000l\000l\000a\000\040\000m\000a\000i\000l\000\040\000d\000i\000\040\000a\000v\000v\000i\000s\000o}{subsection.2.4}% 54
\BOOKMARK [3][-]{subsubsection.2.4.36}{\376\377\000U\000C\000-\0002\0000\000\040\000-\000\040\000I\000m\000p\000o\000s\000t\000a\000z\000i\000o\000n\000e\000\040\000p\000a\000s\000s\000w\000o\000r\000d\000\040\000p\000e\000r\000\040\000d\000i\000a\000r\000i\000o\000\040\000f\000i\000t\000t\000i\000z\000i\000o}{subsection.2.4}% 55
\BOOKMARK [3][-]{subsubsection.2.4.37}{\376\377\000U\000C\000-\0002\0000\000.\0001\000\040\000-\000\040\000P\000a\000s\000s\000w\000o\000r\000d\000\040\000u\000g\000u\000a\000l\000e\000\040\000a\000l\000l\000a\000\040\000p\000a\000s\000s\000w\000o\000r\000d\000\040\000d\000e\000l\000\040\000d\000i\000a\000r\000i\000o\000\040\000c\000r\000i\000p\000t\000a\000t\000o}{subsection.2.4}% 56
\BOOKMARK [3][-]{subsubsection.2.4.38}{\376\377\000U\000C\000-\0002\0001\000\040\000-\000\040\000P\000a\000s\000s\000w\000o\000r\000d\000\040\000n\000o\000n\000\040\000c\000o\000n\000f\000o\000r\000m\000e\000\040\000a\000i\000\040\000c\000r\000i\000t\000e\000r\000i}{subsection.2.4}% 57
\BOOKMARK [3][-]{subsubsection.2.4.39}{\376\377\000U\000C\000-\0002\0002\000\040\000-\000\040\000A\000c\000c\000e\000s\000s\000o\000\040\000a\000l\000\040\000d\000i\000a\000r\000i\000o\000\040\000f\000i\000t\000t\000i\000z\000i\000o}{subsection.2.4}% 58
\BOOKMARK [3][-]{subsubsection.2.4.40}{\376\377\000U\000C\000-\0002\0003\000\040\000-\000\040\000A\000c\000c\000e\000s\000s\000o\000\040\000a\000l\000\040\000d\000i\000a\000r\000i\000o\000\040\000c\000r\000i\000p\000t\000a\000t\000o}{subsection.2.4}% 59
\BOOKMARK [3][-]{subsubsection.2.4.41}{\376\377\000U\000C\000-\0002\0003\000.\0001\000\040\000-\000\040\000I\000m\000p\000o\000s\000t\000a\000z\000i\000o\000n\000e\000\040\000p\000a\000s\000s\000w\000o\000r\000d\000\040\000p\000e\000r\000\040\000d\000i\000a\000r\000i\000o\000\040\000c\000r\000i\000p\000t\000a\000t\000o}{subsection.2.4}% 60
\BOOKMARK [3][-]{subsubsection.2.4.42}{\376\377\000U\000C\000-\0002\0004\000\040\000-\000\040\000I\000n\000s\000e\000r\000i\000m\000e\000n\000t\000o\000\040\000p\000a\000s\000s\000w\000o\000r\000d\000\040\000a\000c\000c\000e\000s\000s\000o\000\040\000d\000i\000a\000r\000i\000o}{subsection.2.4}% 61
\BOOKMARK [3][-]{subsubsection.2.4.43}{\376\377\000U\000C\000-\0002\0005\000\040\000-\000\040\000I\000n\000s\000e\000r\000i\000m\000e\000n\000t\000o\000\040\000p\000a\000s\000s\000w\000o\000r\000d\000\040\000e\000r\000r\000a\000t\000a}{subsection.2.4}% 62
\BOOKMARK [3][-]{subsubsection.2.4.44}{\376\377\000U\000C\000-\0002\0006\000\040\000-\000\040\000P\000a\000s\000s\000w\000o\000r\000d\000\040\000e\000r\000r\000a\000t\000a\000\040\000t\000r\000o\000p\000p\000e\000\040\000v\000o\000l\000t\000e}{subsection.2.4}% 63
\BOOKMARK [3][-]{subsubsection.2.4.45}{\376\377\000U\000C\000-\0002\0003\000.\0001\000.\0001\000\040\000-\000\040\000P\000a\000s\000s\000w\000o\000r\000d\000\040\000u\000g\000u\000a\000l\000e\000\040\000a\000l\000l\000a\000\040\000p\000a\000s\000s\000w\000o\000r\000d\000\040\000d\000e\000l\000\040\000d\000i\000a\000r\000i\000o\000\040\000f\000i\000t\000t\000i\000z\000i\000o}{subsection.2.4}% 64
\BOOKMARK [3][-]{subsubsection.2.4.46}{\376\377\000U\000C\000-\0002\0007\000\040\000-\000\040\000V\000i\000s\000u\000a\000l\000i\000z\000z\000a\000z\000i\000o\000n\000e\000\040\000d\000i\000a\000r\000i\000o}{subsection.2.4}% 65
\BOOKMARK [3][-]{subsubsection.2.4.47}{\376\377\000U\000C\000-\0002\0007\000.\0001\000\040\000-\000\040\000V\000i\000s\000u\000a\000l\000i\000z\000z\000a\000z\000i\000o\000n\000e\000\040\000l\000i\000s\000t\000a\000\040\000n\000o\000t\000e}{subsection.2.4}% 66
\BOOKMARK [3][-]{subsubsection.2.4.48}{\376\377\000U\000C\000-\0002\0007\000.\0001\000.\0001\000\040\000-\000\040\000V\000i\000s\000u\000a\000l\000i\000z\000z\000a\000z\000i\000o\000n\000e\000\040\000s\000i\000n\000g\000o\000l\000a\000\040\000n\000o\000t\000a\000\040\000d\000e\000l\000l\000a\000\040\000l\000i\000s\000t\000a}{subsection.2.4}% 67
\BOOKMARK [3][-]{subsubsection.2.4.49}{\376\377\000U\000C\000-\0002\0008\000\040\000-\000\040\000C\000r\000e\000a\000z\000i\000o\000n\000e\000\040\000n\000o\000t\000a}{subsection.2.4}% 68
\BOOKMARK [3][-]{subsubsection.2.4.50}{\376\377\000U\000C\000-\0002\0009\000\040\000-\000\040\000E\000l\000i\000m\000i\000n\000a\000z\000i\000o\000n\000e\000\040\000n\000o\000t\000a}{subsection.2.4}% 69
\BOOKMARK [3][-]{subsubsection.2.4.51}{\376\377\000U\000C\000-\0003\0000\000\040\000-\000\040\000I\000n\000s\000e\000r\000i\000m\000e\000n\000t\000o\000\040\000t\000e\000s\000t\000o\000\040\000n\000e\000l\000l\000a\000\040\000n\000o\000t\000a}{subsection.2.4}% 70
\BOOKMARK [3][-]{subsubsection.2.4.52}{\376\377\000U\000C\000-\0003\0001\000\040\000-\000\040\000I\000n\000s\000e\000r\000i\000m\000e\000n\000t\000o\000\040\000m\000e\000d\000i\000a\000\040\000n\000e\000l\000l\000a\000\040\000n\000o\000t\000a}{subsection.2.4}% 71
\BOOKMARK [3][-]{subsubsection.2.4.53}{\376\377\000U\000C\000-\0003\0002\000\040\000-\000\040\000V\000i\000s\000u\000a\000l\000i\000z\000z\000a\000z\000i\000o\000n\000e\000\040\000c\000o\000n\000t\000e\000n\000u\000t\000o\000\040\000n\000o\000t\000a}{subsection.2.4}% 72
\BOOKMARK [3][-]{subsubsection.2.4.54}{\376\377\000U\000C\000-\0003\0003\000\040\000-\000\040\000I\000n\000v\000i\000o\000\040\000M\000e\000s\000s\000a\000g\000g\000i\000o\000\040\000S\000O\000S}{subsection.2.4}% 73
\BOOKMARK [3][-]{subsubsection.2.4.55}{\376\377\000U\000C\000-\0003\0003\000.\0001\000\040\000-\000\040\000A\000s\000s\000e\000n\000z\000a\000\040\000r\000e\000t\000e\000\040\000I\000n\000t\000e\000r\000n\000e\000t}{subsection.2.4}% 74
\BOOKMARK [3][-]{subsubsection.2.4.56}{\376\377\000U\000C\000-\0003\0003\000.\0002\000\040\000-\000\040\000M\000a\000n\000c\000a\000n\000z\000a\000\040\000d\000i\000\040\000c\000o\000n\000t\000a\000t\000t\000i\000\040\000f\000i\000d\000a\000t\000i}{subsection.2.4}% 75
\BOOKMARK [3][-]{subsubsection.2.4.57}{\376\377\000U\000C\000-\0003\0004\000\040\000-\000\040\000I\000n\000v\000i\000o\000\040\000s\000e\000g\000n\000a\000l\000e\000\040\000a\000c\000u\000s\000t\000i\000c\000o}{subsection.2.4}% 76
\BOOKMARK [3][-]{subsubsection.2.4.58}{\376\377\000U\000C\000-\0003\0005\000\040\000-\000\040\000C\000o\000n\000s\000u\000l\000t\000a\000z\000i\000o\000n\000e\000\040\000C\000h\000a\000t\000b\000o\000t}{subsection.2.4}% 77
\BOOKMARK [3][-]{subsubsection.2.4.59}{\376\377\000U\000C\000-\0003\0005\000.\0001\000\040\000-\000\040\000I\000n\000t\000e\000r\000r\000u\000z\000i\000o\000n\000e\000\040\000r\000i\000s\000p\000o\000s\000t\000a}{subsection.2.4}% 78
\BOOKMARK [3][-]{subsubsection.2.4.60}{\376\377\000U\000C\000-\0003\0005\000.\0002\000\040\000-\000\040\000M\000a\000n\000c\000a\000n\000z\000a\000\040\000d\000i\000\040\000c\000o\000n\000n\000e\000s\000s\000i\000o\000n\000e}{subsection.2.4}% 79
\BOOKMARK [3][-]{subsubsection.2.4.61}{\376\377\000U\000C\000-\0003\0005\000.\0003\000\040\000-\000\040\000E\000r\000r\000o\000r\000e\000\040\000d\000i\000\040\000l\000e\000t\000t\000u\000r\000a\000\040\000d\000e\000l\000\040\000m\000e\000s\000s\000a\000g\000g\000i\000o}{subsection.2.4}% 80
\BOOKMARK [3][-]{subsubsection.2.4.62}{\376\377\000U\000C\000-\0003\0006\000\040\000-\000\040\000S\000w\000i\000t\000c\000h\000\040\000a\000l\000\040\000"\000D\000e\000t\000e\000c\000t\000i\000v\000e\000\040\000d\000e\000l\000l\000e\000\040\000R\000e\000l\000a\000z\000i\000o\000n\000i\000"}{subsection.2.4}% 81
\BOOKMARK [3][-]{subsubsection.2.4.63}{\376\377\000U\000C\000-\0003\0007\000\040\000-\000\040\000S\000w\000i\000t\000c\000h\000\040\000a\000\040\000"\000S\000p\000e\000c\000c\000h\000i\000o\000\040\000I\000n\000t\000e\000l\000l\000i\000g\000e\000n\000t\000e\000"}{subsection.2.4}% 82
\BOOKMARK [3][-]{subsubsection.2.4.64}{\376\377\000U\000C\000-\0003\0009\000\040\000-\000\040\000V\000i\000s\000u\000a\000l\000i\000z\000z\000a\000z\000i\000o\000n\000e\000\040\000c\000r\000o\000n\000o\000l\000o\000g\000i\000a\000\040\000c\000h\000a\000t}{subsection.2.4}% 83
\BOOKMARK [3][-]{subsubsection.2.4.65}{\376\377\000U\000C\000-\0003\0009\000.\0001\000\040\000-\000\040\000V\000i\000s\000u\000a\000l\000i\000z\000z\000a\000z\000i\000o\000n\000e\000\040\000s\000i\000n\000g\000o\000l\000a\000\040\000c\000h\000a\000t\000\040\000d\000e\000l\000l\000a\000\040\000l\000i\000s\000t\000a}{subsection.2.4}% 84
\BOOKMARK [3][-]{subsubsection.2.4.66}{\376\377\000U\000C\000-\0003\0009\000.\0001\000.\0001\000\040\000-\000\040\000V\000i\000s\000u\000a\000l\000i\000z\000z\000a\000z\000i\000o\000n\000e\000\040\000p\000r\000e\000v\000i\000e\000w\000\040\000i\000n\000i\000z\000i\000o\000\040\000c\000h\000a\000t\000\040\000d\000e\000l\000l\000a\000\040\000l\000i\000s\000t\000a}{subsection.2.4}% 85
\BOOKMARK [3][-]{subsubsection.2.4.67}{\376\377\000U\000C\000-\0004\0000\000\040\000-\000\040\000V\000i\000s\000u\000a\000l\000i\000z\000z\000a\000z\000i\000o\000n\000e\000\040\000c\000o\000n\000t\000e\000n\000u\000t\000o\000\040\000c\000h\000a\000t}{subsection.2.4}% 86
\BOOKMARK [3][-]{subsubsection.2.4.68}{\376\377\000U\000C\000-\0004\0000\000.\0001\000\040\000-\000\040\000V\000i\000s\000u\000a\000l\000i\000z\000z\000a\000z\000i\000o\000n\000e\000\040\000l\000i\000s\000t\000a\000\040\000m\000e\000s\000s\000a\000g\000g\000i}{subsection.2.4}% 87
\BOOKMARK [3][-]{subsubsection.2.4.69}{\376\377\000U\000C\000-\0004\0000\000.\0001\000.\0001\000\040\000-\000\040\000V\000i\000s\000u\000a\000l\000i\000z\000z\000a\000z\000i\000o\000n\000e\000\040\000m\000e\000s\000s\000a\000g\000g\000i\000o\000\040\000u\000t\000e\000n\000t\000e}{subsection.2.4}% 88
\BOOKMARK [3][-]{subsubsection.2.4.70}{\376\377\000U\000C\000-\0004\0000\000.\0001\000.\0002\000\040\000-\000\040\000V\000i\000s\000u\000a\000l\000i\000z\000z\000a\000z\000i\000o\000n\000e\000\040\000m\000e\000s\000s\000a\000g\000g\000i\000o\000\040\000c\000h\000a\000t\000b\000o\000t}{subsection.2.4}% 89
\BOOKMARK [3][-]{subsubsection.2.4.71}{\376\377\000U\000C\000-\0004\0000\000.\0002\000\040\000-\000\040\000E\000r\000r\000o\000r\000e\000\040\000c\000a\000r\000i\000c\000a\000m\000e\000n\000t\000o\000\040\000c\000h\000a\000t}{subsection.2.4}% 90
\BOOKMARK [3][-]{subsubsection.2.4.72}{\376\377\000U\000C\000-\0004\0001\000\040\000-\000\040\000C\000r\000e\000a\000z\000i\000o\000n\000e\000\040\000n\000u\000o\000v\000a\000\040\000c\000h\000a\000t}{subsection.2.4}% 91
\BOOKMARK [3][-]{subsubsection.2.4.73}{\376\377\000U\000C\000-\0004\0002\000\040\000-\000\040\000E\000l\000i\000m\000i\000n\000a\000z\000i\000o\000n\000e\000\040\000c\000h\000a\000t}{subsection.2.4}% 92
\BOOKMARK [3][-]{subsubsection.2.4.74}{\376\377\000U\000C\000-\0004\0002\000.\0001\000\040\000-\000\040\000C\000o\000n\000f\000e\000r\000m\000a\000\040\000e\000l\000i\000m\000i\000n\000a\000z\000i\000o\000n\000e\000\040\000c\000h\000a\000t}{subsection.2.4}% 93
\BOOKMARK [3][-]{subsubsection.2.4.75}{\376\377\000U\000C\000-\0004\0002\000.\0001\000.\0001\000\040\000-\000\040\000R\000i\000f\000i\000u\000t\000o\000\040\000c\000o\000n\000f\000e\000r\000m\000a\000\040\000e\000l\000i\000m\000i\000n\000a\000z\000i\000o\000n\000e\000\040\000c\000h\000a\000t}{subsection.2.4}% 94
\BOOKMARK [3][-]{subsubsection.2.4.76}{\376\377\000U\000C\000-\0004\0003\000\040\000-\000\040\000V\000i\000s\000u\000a\000l\000i\000z\000z\000a\000z\000i\000o\000n\000e\000\040\000l\000i\000s\000t\000a\000\040\000c\000o\000m\000m\000u\000n\000i\000t\000y}{subsection.2.4}% 95
\BOOKMARK [3][-]{subsubsection.2.4.77}{\376\377\000U\000C\000-\0004\0003\000.\0001\000\040\000-\000\040\000V\000i\000s\000u\000a\000l\000i\000z\000z\000a\000z\000i\000o\000n\000e\000\040\000s\000i\000n\000g\000o\000l\000a\000\040\000c\000o\000m\000m\000u\000n\000i\000t\000y\000\040\000n\000e\000l\000l\000a\000\040\000l\000i\000s\000t\000a}{subsection.2.4}% 96
\BOOKMARK [3][-]{subsubsection.2.4.78}{\376\377\000U\000C\000-\0004\0004\000\040\000-\000\040\000V\000i\000s\000i\000t\000a\000\040\000c\000o\000m\000m\000u\000n\000i\000t\000y}{subsection.2.4}% 97
\BOOKMARK [3][-]{subsubsection.2.4.79}{\376\377\000U\000C\000-\0004\0004\000.\0001\000\040\000-\000\040\000E\000r\000r\000o\000r\000e\000\040\000c\000a\000r\000i\000c\000a\000m\000e\000n\000t\000o\000\040\000c\000o\000m\000m\000u\000n\000i\000t\000y}{subsection.2.4}% 98
\BOOKMARK [3][-]{subsubsection.2.4.80}{\376\377\000U\000C\000-\0004\0005\000\040\000-\000\040\000V\000i\000s\000u\000a\000l\000i\000z\000z\000a\000z\000i\000o\000n\000e\000\040\000l\000i\000s\000t\000a\000\040\000c\000o\000n\000t\000a\000t\000t\000i\000\040\000d\000'\000e\000m\000e\000r\000g\000e\000n\000z\000a}{subsection.2.4}% 99
\BOOKMARK [3][-]{subsubsection.2.4.81}{\376\377\000U\000C\000-\0004\0005\000.\0001\000\040\000-\000\040\000V\000i\000s\000u\000a\000l\000i\000z\000z\000a\000z\000i\000o\000n\000e\000\040\000s\000i\000n\000g\000o\000l\000o\000\040\000c\000o\000n\000t\000a\000t\000t\000o\000\040\000e\000n\000t\000e\000\040\000d\000'\000e\000m\000e\000r\000g\000e\000n\000z\000a}{subsection.2.4}% 100
\BOOKMARK [3][-]{subsubsection.2.4.82}{\376\377\000U\000C\000-\0004\0005\000.\0001\000.\0001\000\040\000-\000\040\000V\000i\000s\000u\000a\000l\000i\000z\000z\000a\000z\000i\000o\000n\000e\000\040\000n\000o\000m\000e\000\040\000c\000o\000n\000t\000a\000t\000t\000i\000\040\000d\000'\000e\000m\000e\000r\000g\000e\000n\000z\000a}{subsection.2.4}% 101
\BOOKMARK [3][-]{subsubsection.2.4.83}{\376\377\000U\000C\000-\0004\0005\000.\0001\000.\0002\000\040\000-\000\040\000V\000i\000s\000u\000a\000l\000i\000z\000z\000a\000z\000i\000o\000n\000e\000\040\000n\000u\000m\000e\000r\000o\000\040\000c\000o\000n\000t\000a\000t\000t\000i\000\040\000d\000'\000e\000m\000e\000r\000g\000e\000n\000z\000a}{subsection.2.4}% 102
\BOOKMARK [3][-]{subsubsection.2.4.84}{\376\377\000U\000C\000-\0004\0008\000\040\000-\000\040\000C\000o\000m\000p\000o\000s\000i\000z\000i\000o\000n\000e\000\040\000a\000u\000t\000o\000m\000a\000t\000i\000c\000a\000\040\000n\000u\000m\000e\000r\000o\000\040\000c\000o\000n\000t\000a\000t\000t\000o}{subsection.2.4}% 103
\BOOKMARK [3][-]{subsubsection.2.4.85}{\376\377\000U\000C\000-\0004\0009\000\040\000-\000\040\000V\000i\000s\000u\000a\000l\000i\000z\000z\000a\000z\000i\000o\000n\000e\000\040\000l\000i\000s\000t\000a\000\040\000l\000e\000g\000g\000i}{subsection.2.4}% 104
\BOOKMARK [3][-]{subsubsection.2.4.86}{\376\377\000U\000C\000-\0004\0009\000.\0001\000\040\000-\000\040\000V\000i\000s\000u\000a\000l\000i\000z\000z\000a\000z\000i\000o\000n\000e\000\040\000s\000i\000n\000g\000o\000l\000a\000\040\000l\000e\000g\000g\000e\000\040\000n\000e\000l\000l\000a\000\040\000l\000i\000s\000t\000a}{subsection.2.4}% 105
\BOOKMARK [3][-]{subsubsection.2.4.87}{\376\377\000U\000C\000-\0005\0000\000\040\000-\000\040\000V\000i\000s\000u\000a\000l\000i\000z\000z\000a\000z\000i\000o\000n\000e\000\040\000d\000e\000t\000t\000a\000g\000l\000i\000\040\000l\000e\000g\000g\000e}{subsection.2.4}% 106
\BOOKMARK [3][-]{subsubsection.2.4.88}{\376\377\000U\000C\000-\0005\0001\000\040\000-\000\040\000E\000r\000r\000o\000r\000e\000\040\000c\000a\000r\000i\000c\000a\000m\000e\000n\000t\000o\000\040\000n\000o\000r\000m\000a\000t\000i\000v\000a}{subsection.2.4}% 107
\BOOKMARK [3][-]{subsubsection.2.4.89}{\376\377\000U\000C\000-\0005\0002\000\040\000-\000\040\000V\000i\000s\000u\000a\000l\000i\000z\000z\000a\000z\000i\000o\000n\000e\000\040\000l\000i\000s\000t\000a\000\040\000m\000a\000t\000e\000r\000i\000a\000l\000e\000\040\000i\000n\000f\000o\000r\000m\000a\000t\000i\000v\000o}{subsection.2.4}% 108
\BOOKMARK [3][-]{subsubsection.2.4.90}{\376\377\000U\000C\000-\0005\0002\000.\0001\000\040\000-\000\040\000V\000i\000s\000u\000a\000l\000i\000z\000z\000a\000z\000i\000o\000n\000e\000\040\000s\000i\000n\000g\000o\000l\000o\000\040\000m\000a\000t\000e\000r\000i\000a\000l\000e\000\040\000i\000n\000f\000o\000r\000m\000a\000t\000i\000v\000o}{subsection.2.4}% 109
\BOOKMARK [3][-]{subsubsection.2.4.91}{\376\377\000U\000C\000-\0005\0003\000\040\000-\000\040\000V\000i\000s\000u\000a\000l\000i\000z\000z\000a\000z\000i\000o\000n\000e\000\040\000d\000e\000t\000t\000a\000g\000l\000i\000\040\000m\000a\000t\000e\000r\000i\000a\000l\000e\000\040\000i\000n\000f\000o\000r\000m\000a\000t\000i\000v\000o}{subsection.2.4}% 110
\BOOKMARK [3][-]{subsubsection.2.4.92}{\376\377\000U\000C\000-\0005\0003\000.\0001\000\040\000-\000\040\000E\000r\000r\000o\000r\000e\000\040\000c\000a\000r\000i\000c\000a\000m\000e\000n\000t\000o\000\040\000m\000a\000t\000e\000r\000i\000a\000l\000e}{subsection.2.4}% 111
\BOOKMARK [3][-]{subsubsection.2.4.93}{\376\377\000U\000C\000-\0005\0004\000\040\000-\000\040\000V\000i\000s\000u\000a\000l\000i\000z\000z\000a\000z\000i\000o\000n\000e\000\040\000m\000a\000p\000p\000a\000\040\000l\000u\000o\000g\000h\000i\000\040\000s\000i\000c\000u\000r\000i}{subsection.2.4}% 112
\BOOKMARK [3][-]{subsubsection.2.4.94}{\376\377\000U\000C\000-\0005\0005\000\040\000-\000\040\000A\000p\000e\000r\000t\000u\000r\000a\000\040\000m\000a\000p\000p\000a\000\040\000i\000n\000\040\000G\000o\000o\000g\000l\000e\000\040\000M\000a\000p\000s}{subsection.2.4}% 113
\BOOKMARK [3][-]{subsubsection.2.4.95}{\376\377\000U\000C\000-\0005\0006\000\040\000-\000\040\000E\000r\000r\000o\000r\000e\000\040\000a\000p\000e\000r\000t\000u\000r\000a\000\040\000m\000a\000p\000p\000a\000\040\000e\000s\000t\000e\000r\000n\000a}{subsection.2.4}% 114
