This is pdfTeX, Version 3.141592653-2.6-1.40.29 (MiKTeX 26.1) (preloaded format=pdflatex 2026.2.4)  5 FEB 2026 19:36
entering extended mode
 restricted \write18 enabled.
 file:line:error style messages enabled.
 %&-line parsing enabled.
**c:/Users/Dennis/Desktop/universita/progettoSWE/SWE-project/src/RTB/documenti_esterni/analisi_dei_requisiti.tex
(c:/Users/Dennis/Desktop/universita/progettoSWE/SWE-project/src/RTB/documenti_esterni/analisi_dei_requisiti.tex
LaTeX2e <2025-11-01>
L3 programming layer <2026-01-19>
(C:\Users\Dennis\AppData\Local\Programs\MiKTeX\tex/latex/base\article.cls
Document Class: article 2025/01/22 v1.4n Standard LaTeX document class
(C:\Users\Dennis\AppData\Local\Programs\MiKTeX\tex/latex/base\size12.clo
File: size12.clo 2025/01/22 v1.4n Standard LaTeX file (size option)
)
\c@part=\count275
\c@section=\count276
\c@subsection=\count277
\c@subsubsection=\count278
\c@paragraph=\count279
\c@subparagraph=\count280
\c@figure=\count281
\c@table=\count282
\abovecaptionskip=\skip49
\belowcaptionskip=\skip50
\bibindent=\dimen148
) (C:\Users\Dennis\AppData\Local\Programs\MiKTeX\tex/latex/tools\tabularx.sty
Package: tabularx 2023/12/11 v2.12a `tabularx' package (DPC)
 (C:\Users\Dennis\AppData\Local\Programs\MiKTeX\tex/latex/tools\array.sty
Package: array 2025/09/25 v2.6n Tabular extension package (FMi)
\col@sep=\dimen149
\ar@mcellbox=\box53
\extrarowheight=\dimen150
\NC@list=\toks17
\extratabsurround=\skip51
\backup@length=\skip52
\ar@cellbox=\box54
)
\TX@col@width=\dimen151
\TX@old@table=\dimen152
\TX@old@col=\dimen153
\TX@target=\dimen154
\TX@delta=\dimen155
\TX@cols=\count283
\TX@ftn=\toks18
) (C:\Users\Dennis\AppData\Local\Programs\MiKTeX\tex/latex/tcolorbox\tcolorbox.sty
Package: tcolorbox 2025/11/28 version 6.9.0 text color boxes
 (C:\Users\Dennis\AppData\Local\Programs\MiKTeX\tex/latex/pgf/frontendlayer\tikz.sty (C:\Users\Dennis\AppData\Local\Programs\MiKTeX\tex/latex/pgf/basiclayer\pgf.sty (C:\Users\Dennis\AppData\Local\Programs\MiKTeX\tex/latex/pgf/utilities\pgfrcs.sty (C:\Users\Dennis\AppData\Local\Programs\MiKTeX\tex/generic/pgf/utilities\pgfutil-common.tex
\pgfutil@everybye=\toks19
\pgfutil@tempdima=\dimen156
\pgfutil@tempdimb=\dimen157
) (C:\Users\Dennis\AppData\Local\Programs\MiKTeX\tex/generic/pgf/utilities\pgfutil-latex.def
\pgfutil@abb=\box55
) (C:\Users\Dennis\AppData\Local\Programs\MiKTeX\tex/generic/pgf/utilities\pgfrcs.code.tex (C:\Users\Dennis\AppData\Local\Programs\MiKTeX\tex/generic/pgf\pgf.revision.tex)
Package: pgfrcs 2025-08-29 v3.1.11a (3.1.11a)
))
Package: pgf 2025-08-29 v3.1.11a (3.1.11a)
 (C:\Users\Dennis\AppData\Local\Programs\MiKTeX\tex/latex/pgf/basiclayer\pgfcore.sty (C:\Users\Dennis\AppData\Local\Programs\MiKTeX\tex/latex/graphics\graphicx.sty
Package: graphicx 2024/12/31 v1.2e Enhanced LaTeX Graphics (DPC,SPQR)
 (C:\Users\Dennis\AppData\Local\Programs\MiKTeX\tex/latex/graphics\keyval.sty
Package: keyval 2022/05/29 v1.15 key=value parser (DPC)
\KV@toks@=\toks20
) (C:\Users\Dennis\AppData\Local\Programs\MiKTeX\tex/latex/graphics\graphics.sty
Package: graphics 2024/08/06 v1.4g Standard LaTeX Graphics (DPC,SPQR)
 (C:\Users\Dennis\AppData\Local\Programs\MiKTeX\tex/latex/graphics\trig.sty
Package: trig 2023/12/02 v1.11 sin cos tan (DPC)
) (C:\Users\Dennis\AppData\Local\Programs\MiKTeX\tex/latex/graphics-cfg\graphics.cfg
File: graphics.cfg 2016/06/04 v1.11 sample graphics configuration
)
Package graphics Info: Driver file: pdftex.def on input line 106.
 (C:\Users\Dennis\AppData\Local\Programs\MiKTeX\tex/latex/graphics-def\pdftex.def
File: pdftex.def 2025/09/29 v1.2d Graphics/color driver for pdftex
))
\Gin@req@height=\dimen158
\Gin@req@width=\dimen159
) (C:\Users\Dennis\AppData\Local\Programs\MiKTeX\tex/latex/pgf/systemlayer\pgfsys.sty (C:\Users\Dennis\AppData\Local\Programs\MiKTeX\tex/generic/pgf/systemlayer\pgfsys.code.tex
Package: pgfsys 2025-08-29 v3.1.11a (3.1.11a)
 (C:\Users\Dennis\AppData\Local\Programs\MiKTeX\tex/generic/pgf/utilities\pgfkeys.code.tex
\pgfkeys@pathtoks=\toks21
\pgfkeys@temptoks=\toks22
 (C:\Users\Dennis\AppData\Local\Programs\MiKTeX\tex/generic/pgf/utilities\pgfkeyslibraryfiltered.code.tex
\pgfkeys@tmptoks=\toks23
))
\pgf@x=\dimen160
\pgf@y=\dimen161
\pgf@xa=\dimen162
\pgf@ya=\dimen163
\pgf@xb=\dimen164
\pgf@yb=\dimen165
\pgf@xc=\dimen166
\pgf@yc=\dimen167
\pgf@xd=\dimen168
\pgf@yd=\dimen169
\w@pgf@writea=\write3
\r@pgf@reada=\read2
\c@pgf@counta=\count284
\c@pgf@countb=\count285
\c@pgf@countc=\count286
\c@pgf@countd=\count287
\t@pgf@toka=\toks24
\t@pgf@tokb=\toks25
\t@pgf@tokc=\toks26
\pgf@sys@id@count=\count288
 (C:\Users\Dennis\AppData\Local\Programs\MiKTeX\tex/generic/pgf/systemlayer\pgf.cfg
File: pgf.cfg 2025-08-29 v3.1.11a (3.1.11a)
)
Driver file for pgf: pgfsys-pdftex.def
 (C:\Users\Dennis\AppData\Local\Programs\MiKTeX\tex/generic/pgf/systemlayer\pgfsys-pdftex.def
File: pgfsys-pdftex.def 2025-08-29 v3.1.11a (3.1.11a)
 (C:\Users\Dennis\AppData\Local\Programs\MiKTeX\tex/generic/pgf/systemlayer\pgfsys-common-pdf.def
File: pgfsys-common-pdf.def 2025-08-29 v3.1.11a (3.1.11a)
))) (C:\Users\Dennis\AppData\Local\Programs\MiKTeX\tex/generic/pgf/systemlayer\pgfsyssoftpath.code.tex
File: pgfsyssoftpath.code.tex 2025-08-29 v3.1.11a (3.1.11a)
\pgfsyssoftpath@smallbuffer@items=\count289
\pgfsyssoftpath@bigbuffer@items=\count290
) (C:\Users\Dennis\AppData\Local\Programs\MiKTeX\tex/generic/pgf/systemlayer\pgfsysprotocol.code.tex
File: pgfsysprotocol.code.tex 2025-08-29 v3.1.11a (3.1.11a)
)) (C:\Users\Dennis\AppData\Local\Programs\MiKTeX\tex/latex/xcolor\xcolor.sty
Package: xcolor 2024/09/29 v3.02 LaTeX color extensions (UK)
 (C:\Users\Dennis\AppData\Local\Programs\MiKTeX\tex/latex/graphics-cfg\color.cfg
File: color.cfg 2016/01/02 v1.6 sample color configuration
)
Package xcolor Info: Driver file: pdftex.def on input line 274.
 (C:\Users\Dennis\AppData\Local\Programs\MiKTeX\tex/latex/graphics\mathcolor.ltx)
Package xcolor Info: Model `cmy' substituted by `cmy0' on input line 1349.
Package xcolor Info: Model `hsb' substituted by `rgb' on input line 1353.
Package xcolor Info: Model `RGB' extended on input line 1365.
Package xcolor Info: Model `HTML' substituted by `rgb' on input line 1367.
Package xcolor Info: Model `Hsb' substituted by `hsb' on input line 1368.
Package xcolor Info: Model `tHsb' substituted by `hsb' on input line 1369.
Package xcolor Info: Model `HSB' substituted by `hsb' on input line 1370.
Package xcolor Info: Model `Gray' substituted by `gray' on input line 1371.
Package xcolor Info: Model `wave' substituted by `hsb' on input line 1372.
) (C:\Users\Dennis\AppData\Local\Programs\MiKTeX\tex/generic/pgf/basiclayer\pgfcore.code.tex
Package: pgfcore 2025-08-29 v3.1.11a (3.1.11a)
 (C:\Users\Dennis\AppData\Local\Programs\MiKTeX\tex/generic/pgf/math\pgfmath.code.tex (C:\Users\Dennis\AppData\Local\Programs\MiKTeX\tex/generic/pgf/math\pgfmathutil.code.tex) (C:\Users\Dennis\AppData\Local\Programs\MiKTeX\tex/generic/pgf/math\pgfmathparser.code.tex
\pgfmath@dimen=\dimen170
\pgfmath@count=\count291
\pgfmath@box=\box56
\pgfmath@toks=\toks27
\pgfmath@stack@operand=\toks28
\pgfmath@stack@operation=\toks29
) (C:\Users\Dennis\AppData\Local\Programs\MiKTeX\tex/generic/pgf/math\pgfmathfunctions.code.tex) (C:\Users\Dennis\AppData\Local\Programs\MiKTeX\tex/generic/pgf/math\pgfmathfunctions.basic.code.tex) (C:\Users\Dennis\AppData\Local\Programs\MiKTeX\tex/generic/pgf/math\pgfmathfunctions.trigonometric.code.tex) (C:\Users\Dennis\AppData\Local\Programs\MiKTeX\tex/generic/pgf/math\pgfmathfunctions.random.code.tex) (C:\Users\Dennis\AppData\Local\Programs\MiKTeX\tex/generic/pgf/math\pgfmathfunctions.comparison.code.tex) (C:\Users\Dennis\AppData\Local\Programs\MiKTeX\tex/generic/pgf/math\pgfmathfunctions.base.code.tex) (C:\Users\Dennis\AppData\Local\Programs\MiKTeX\tex/generic/pgf/math\pgfmathfunctions.round.code.tex) (C:\Users\Dennis\AppData\Local\Programs\MiKTeX\tex/generic/pgf/math\pgfmathfunctions.misc.code.tex) (C:\Users\Dennis\AppData\Local\Programs\MiKTeX\tex/generic/pgf/math\pgfmathfunctions.integerarithmetics.code.tex) (C:\Users\Dennis\AppData\Local\Programs\MiKTeX\tex/generic/pgf/math\pgfmathcalc.code.tex) (C:\Users\Dennis\AppData\Local\Programs\MiKTeX\tex/generic/pgf/math\pgfmathfloat.code.tex
\c@pgfmathroundto@lastzeros=\count292
)) (C:\Users\Dennis\AppData\Local\Programs\MiKTeX\tex/generic/pgf/math\pgfint.code.tex) (C:\Users\Dennis\AppData\Local\Programs\MiKTeX\tex/generic/pgf/basiclayer\pgfcorepoints.code.tex
File: pgfcorepoints.code.tex 2025-08-29 v3.1.11a (3.1.11a)
\pgf@picminx=\dimen171
\pgf@picmaxx=\dimen172
\pgf@picminy=\dimen173
\pgf@picmaxy=\dimen174
\pgf@pathminx=\dimen175
\pgf@pathmaxx=\dimen176
\pgf@pathminy=\dimen177
\pgf@pathmaxy=\dimen178
\pgf@xx=\dimen179
\pgf@xy=\dimen180
\pgf@yx=\dimen181
\pgf@yy=\dimen182
\pgf@zx=\dimen183
\pgf@zy=\dimen184
) (C:\Users\Dennis\AppData\Local\Programs\MiKTeX\tex/generic/pgf/basiclayer\pgfcorepathconstruct.code.tex
File: pgfcorepathconstruct.code.tex 2025-08-29 v3.1.11a (3.1.11a)
\pgf@path@lastx=\dimen185
\pgf@path@lasty=\dimen186
) (C:\Users\Dennis\AppData\Local\Programs\MiKTeX\tex/generic/pgf/basiclayer\pgfcorepathusage.code.tex
File: pgfcorepathusage.code.tex 2025-08-29 v3.1.11a (3.1.11a)
\pgf@shorten@end@additional=\dimen187
\pgf@shorten@start@additional=\dimen188
) (C:\Users\Dennis\AppData\Local\Programs\MiKTeX\tex/generic/pgf/basiclayer\pgfcorescopes.code.tex
File: pgfcorescopes.code.tex 2025-08-29 v3.1.11a (3.1.11a)
\pgfpic=\box57
\pgf@hbox=\box58
\pgf@layerbox@main=\box59
\pgf@picture@serial@count=\count293
) (C:\Users\Dennis\AppData\Local\Programs\MiKTeX\tex/generic/pgf/basiclayer\pgfcoregraphicstate.code.tex
File: pgfcoregraphicstate.code.tex 2025-08-29 v3.1.11a (3.1.11a)
\pgflinewidth=\dimen189
) (C:\Users\Dennis\AppData\Local\Programs\MiKTeX\tex/generic/pgf/basiclayer\pgfcoretransformations.code.tex
File: pgfcoretransformations.code.tex 2025-08-29 v3.1.11a (3.1.11a)
\pgf@pt@x=\dimen190
\pgf@pt@y=\dimen191
\pgf@pt@temp=\dimen192
) (C:\Users\Dennis\AppData\Local\Programs\MiKTeX\tex/generic/pgf/basiclayer\pgfcorequick.code.tex
File: pgfcorequick.code.tex 2025-08-29 v3.1.11a (3.1.11a)
) (C:\Users\Dennis\AppData\Local\Programs\MiKTeX\tex/generic/pgf/basiclayer\pgfcoreobjects.code.tex
File: pgfcoreobjects.code.tex 2025-08-29 v3.1.11a (3.1.11a)
) (C:\Users\Dennis\AppData\Local\Programs\MiKTeX\tex/generic/pgf/basiclayer\pgfcorepathprocessing.code.tex
File: pgfcorepathprocessing.code.tex 2025-08-29 v3.1.11a (3.1.11a)
) (C:\Users\Dennis\AppData\Local\Programs\MiKTeX\tex/generic/pgf/basiclayer\pgfcorearrows.code.tex
File: pgfcorearrows.code.tex 2025-08-29 v3.1.11a (3.1.11a)
\pgfarrowsep=\dimen193
) (C:\Users\Dennis\AppData\Local\Programs\MiKTeX\tex/generic/pgf/basiclayer\pgfcoreshade.code.tex
File: pgfcoreshade.code.tex 2025-08-29 v3.1.11a (3.1.11a)
\pgf@max=\dimen194
\pgf@sys@shading@range@num=\count294
\pgf@shadingcount=\count295
) (C:\Users\Dennis\AppData\Local\Programs\MiKTeX\tex/generic/pgf/basiclayer\pgfcoreimage.code.tex
File: pgfcoreimage.code.tex 2025-08-29 v3.1.11a (3.1.11a)
) (C:\Users\Dennis\AppData\Local\Programs\MiKTeX\tex/generic/pgf/basiclayer\pgfcoreexternal.code.tex
File: pgfcoreexternal.code.tex 2025-08-29 v3.1.11a (3.1.11a)
\pgfexternal@startupbox=\box60
) (C:\Users\Dennis\AppData\Local\Programs\MiKTeX\tex/generic/pgf/basiclayer\pgfcorelayers.code.tex
File: pgfcorelayers.code.tex 2025-08-29 v3.1.11a (3.1.11a)
) (C:\Users\Dennis\AppData\Local\Programs\MiKTeX\tex/generic/pgf/basiclayer\pgfcoretransparency.code.tex
File: pgfcoretransparency.code.tex 2025-08-29 v3.1.11a (3.1.11a)
) (C:\Users\Dennis\AppData\Local\Programs\MiKTeX\tex/generic/pgf/basiclayer\pgfcorepatterns.code.tex
File: pgfcorepatterns.code.tex 2025-08-29 v3.1.11a (3.1.11a)
) (C:\Users\Dennis\AppData\Local\Programs\MiKTeX\tex/generic/pgf/basiclayer\pgfcorerdf.code.tex
File: pgfcorerdf.code.tex 2025-08-29 v3.1.11a (3.1.11a)
))) (C:\Users\Dennis\AppData\Local\Programs\MiKTeX\tex/generic/pgf/modules\pgfmoduleshapes.code.tex
File: pgfmoduleshapes.code.tex 2025-08-29 v3.1.11a (3.1.11a)
\pgfnodeparttextbox=\box61
) (C:\Users\Dennis\AppData\Local\Programs\MiKTeX\tex/generic/pgf/modules\pgfmoduleplot.code.tex
File: pgfmoduleplot.code.tex 2025-08-29 v3.1.11a (3.1.11a)
) (C:\Users\Dennis\AppData\Local\Programs\MiKTeX\tex/latex/pgf/compatibility\pgfcomp-version-0-65.sty
Package: pgfcomp-version-0-65 2025-08-29 v3.1.11a (3.1.11a)
\pgf@nodesepstart=\dimen195
\pgf@nodesepend=\dimen196
) (C:\Users\Dennis\AppData\Local\Programs\MiKTeX\tex/latex/pgf/compatibility\pgfcomp-version-1-18.sty
Package: pgfcomp-version-1-18 2025-08-29 v3.1.11a (3.1.11a)
)) (C:\Users\Dennis\AppData\Local\Programs\MiKTeX\tex/latex/pgf/utilities\pgffor.sty (C:\Users\Dennis\AppData\Local\Programs\MiKTeX\tex/latex/pgf/utilities\pgfkeys.sty (C:\Users\Dennis\AppData\Local\Programs\MiKTeX\tex/generic/pgf/utilities\pgfkeys.code.tex)) (C:\Users\Dennis\AppData\Local\Programs\MiKTeX\tex/latex/pgf/math\pgfmath.sty (C:\Users\Dennis\AppData\Local\Programs\MiKTeX\tex/generic/pgf/math\pgfmath.code.tex)) (C:\Users\Dennis\AppData\Local\Programs\MiKTeX\tex/generic/pgf/utilities\pgffor.code.tex
Package: pgffor 2025-08-29 v3.1.11a (3.1.11a)
\pgffor@iter=\dimen197
\pgffor@skip=\dimen198
\pgffor@stack=\toks30
\pgffor@toks=\toks31
)) (C:\Users\Dennis\AppData\Local\Programs\MiKTeX\tex/generic/pgf/frontendlayer/tikz\tikz.code.tex
Package: tikz 2025-08-29 v3.1.11a (3.1.11a)
 (C:\Users\Dennis\AppData\Local\Programs\MiKTeX\tex/generic/pgf/libraries\pgflibraryplothandlers.code.tex
File: pgflibraryplothandlers.code.tex 2025-08-29 v3.1.11a (3.1.11a)
\pgf@plot@mark@count=\count296
\pgfplotmarksize=\dimen199
)
\tikz@lastx=\dimen256
\tikz@lasty=\dimen257
\tikz@lastxsaved=\dimen258
\tikz@lastysaved=\dimen259
\tikz@lastmovetox=\dimen260
\tikz@lastmovetoy=\dimen261
\tikzleveldistance=\dimen262
\tikzsiblingdistance=\dimen263
\tikz@figbox=\box62
\tikz@figbox@bg=\box63
\tikz@tempbox=\box64
\tikz@tempbox@bg=\box65
\tikztreelevel=\count297
\tikznumberofchildren=\count298
\tikznumberofcurrentchild=\count299
\tikz@fig@count=\count300
 (C:\Users\Dennis\AppData\Local\Programs\MiKTeX\tex/generic/pgf/modules\pgfmodulematrix.code.tex
File: pgfmodulematrix.code.tex 2025-08-29 v3.1.11a (3.1.11a)
\pgfmatrixcurrentrow=\count301
\pgfmatrixcurrentcolumn=\count302
\pgf@matrix@numberofcolumns=\count303
)
\tikz@expandcount=\count304
 (C:\Users\Dennis\AppData\Local\Programs\MiKTeX\tex/generic/pgf/frontendlayer/tikz/libraries\tikzlibrarytopaths.code.tex
File: tikzlibrarytopaths.code.tex 2025-08-29 v3.1.11a (3.1.11a)
))) (C:\Users\Dennis\AppData\Local\Programs\MiKTeX\tex/latex/tools\verbatim.sty
Package: verbatim 2024-01-22 v1.5x LaTeX2e package for verbatim enhancements
\every@verbatim=\toks32
\verbatim@line=\toks33
\verbatim@in@stream=\read3
) (C:\Users\Dennis\AppData\Local\Programs\MiKTeX\tex/latex/environ\environ.sty
Package: environ 2014/05/04 v0.3 A new way to define environments
 (C:\Users\Dennis\AppData\Local\Programs\MiKTeX\tex/latex/trimspaces\trimspaces.sty
Package: trimspaces 2009/09/17 v1.1 Trim spaces around a token list
)
\@envbody=\toks34
) (C:\Users\Dennis\AppData\Local\Programs\MiKTeX\tex/latex/etoolbox\etoolbox.sty
Package: etoolbox 2025/10/02 v2.5m e-TeX tools for LaTeX (JAW)
\etb@tempcnta=\count305
)
\tcb@titlebox=\box66
\tcb@upperbox=\box67
\tcb@lowerbox=\box68
\tcb@phantombox=\box69
\c@tcbbreakpart=\count306
\c@tcblayer=\count307
\c@tcolorbox@number=\count308
\l__tcobox_tmpa_box=\box70
\l__tcobox_tmpa_dim=\dimen264
\tcb@temp=\box71
\tcb@temp=\box72
\tcb@temp=\box73
\tcb@temp=\box74
) (C:\Users\Dennis\AppData\Local\Programs\MiKTeX\tex/latex/base\inputenc.sty
Package: inputenc 2024/02/08 v1.3d Input encoding file
\inpenc@prehook=\toks35
\inpenc@posthook=\toks36
) (C:\Users\Dennis\AppData\Local\Programs\MiKTeX\tex/generic/babel\babel.sty
Package: babel 2026/01/26 v26.2 The multilingual framework for LuaLaTeX, pdfLaTeX and XeLaTeX
\babel@savecnt=\count309
LaTeX Encoding Info:    Redeclaring text command \ij (encoding OT1) on input line 2078.
LaTeX Encoding Info:    Redeclaring text command \IJ (encoding OT1) on input line 2080.
LaTeX Encoding Info:    Redeclaring text command \ij (encoding T1) on input line 2082.
LaTeX Encoding Info:    Redeclaring text command \IJ (encoding T1) on input line 2083.
LaTeX Encoding Info:    Ignoring declaration for text command \ij (encoding ?) on input line 2084.
LaTeX Encoding Info:    Ignoring declaration for text command \IJ (encoding ?) on input line 2086.
LaTeX Encoding Info:    Ignoring declaration for text command \SS (encoding ?) on input line 2111.
\U@D=\dimen265
\l@unhyphenated=\language79
 (C:\Users\Dennis\AppData\Local\Programs\MiKTeX\tex/generic/babel\txtbabel.def)
\bbl@readstream=\read4
\bbl@dirlevel=\count310
Package babel Info: Configuration files are deprecated, as
(babel)             they can break document portability.
(babel)             Reported on input line 4206.

*************************************
* Local config file bblopts.cfg used
*
(C:\Users\Dennis\AppData\Local\Programs\MiKTeX\tex/latex/arabi\bblopts.cfg
File: bblopts.cfg 2005/09/08 v0.1 add Arabic and Farsi to "declared" options of babel
) (C:\Users\Dennis\AppData\Local\Programs\MiKTeX\tex/generic/babel/locale/it\babel-italian.tex)
Package babel Info: Importing font and identification data for italian
(babel)             from babel-it.ini. Reported on input line 4330.
 (C:\Users\Dennis\AppData\Local\Programs\MiKTeX\tex/latex/babel-italian\italian.ldf
Language: italian 2026/01/13 v.1.5.02 Italian support for the babel system
\it@lettering=\count311
\it@doublequoteactive=\count312
\it@ISOcompliance=\count313
)) (C:\Users\Dennis\AppData\Local\Programs\MiKTeX\tex/latex/hyperref\hyperref.sty
Package: hyperref 2026-01-29 v7.01p Hypertext links for LaTeX
 (C:\Users\Dennis\AppData\Local\Programs\MiKTeX\tex/generic/iftex\iftex.sty
Package: iftex 2024/12/12 v1.0g TeX engine tests
) (C:\Users\Dennis\AppData\Local\Programs\MiKTeX\tex/latex/kvsetkeys\kvsetkeys.sty
Package: kvsetkeys 2022-10-05 v1.19 Key value parser (HO)
) (C:\Users\Dennis\AppData\Local\Programs\MiKTeX\tex/generic/kvdefinekeys\kvdefinekeys.sty
Package: kvdefinekeys 2019-12-19 v1.6 Define keys (HO)
) (C:\Users\Dennis\AppData\Local\Programs\MiKTeX\tex/generic/pdfescape\pdfescape.sty
Package: pdfescape 2019/12/09 v1.15 Implements pdfTeX's escape features (HO)
 (C:\Users\Dennis\AppData\Local\Programs\MiKTeX\tex/generic/ltxcmds\ltxcmds.sty
Package: ltxcmds 2023-12-04 v1.26 LaTeX kernel commands for general use (HO)
) (C:\Users\Dennis\AppData\Local\Programs\MiKTeX\tex/generic/pdftexcmds\pdftexcmds.sty
Package: pdftexcmds 2020-06-27 v0.33 Utility functions of pdfTeX for LuaTeX (HO)
 (C:\Users\Dennis\AppData\Local\Programs\MiKTeX\tex/generic/infwarerr\infwarerr.sty
Package: infwarerr 2019/12/03 v1.5 Providing info/warning/error messages (HO)
)
Package pdftexcmds Info: \pdf@primitive is available.
Package pdftexcmds Info: \pdf@ifprimitive is available.
Package pdftexcmds Info: \pdfdraftmode found.
)) (C:\Users\Dennis\AppData\Local\Programs\MiKTeX\tex/latex/hycolor\hycolor.sty
Package: hycolor 2020-01-27 v1.10 Color options for hyperref/bookmark (HO)
) (C:\Users\Dennis\AppData\Local\Programs\MiKTeX\tex/latex/hyperref\nameref.sty
Package: nameref 2026-01-29 v2.58 Cross-referencing by name of section
 (C:\Users\Dennis\AppData\Local\Programs\MiKTeX\tex/latex/refcount\refcount.sty
Package: refcount 2019/12/15 v3.6 Data extraction from label references (HO)
) (C:\Users\Dennis\AppData\Local\Programs\MiKTeX\tex/generic/gettitlestring\gettitlestring.sty
Package: gettitlestring 2019/12/15 v1.6 Cleanup title references (HO)
 (C:\Users\Dennis\AppData\Local\Programs\MiKTeX\tex/latex/kvoptions\kvoptions.sty
Package: kvoptions 2022-06-15 v3.15 Key value format for package options (HO)
))
\c@section@level=\count314
) (C:\Users\Dennis\AppData\Local\Programs\MiKTeX\tex/generic/stringenc\stringenc.sty
Package: stringenc 2019/11/29 v1.12 Convert strings between diff. encodings (HO)
)
\@linkdim=\dimen266
\Hy@linkcounter=\count315
\Hy@pagecounter=\count316
 (C:\Users\Dennis\AppData\Local\Programs\MiKTeX\tex/latex/hyperref\pd1enc.def
File: pd1enc.def 2026-01-29 v7.01p Hyperref: PDFDocEncoding definition (HO)
Now handling font encoding PD1 ...
... no UTF-8 mapping file for font encoding PD1
) (C:\Users\Dennis\AppData\Local\Programs\MiKTeX\tex/generic/intcalc\intcalc.sty
Package: intcalc 2019/12/15 v1.3 Expandable calculations with integers (HO)
)
\Hy@SavedSpaceFactor=\count317
 (C:\Users\Dennis\AppData\Local\Programs\MiKTeX\tex/latex/hyperref\puenc.def
File: puenc.def 2026-01-29 v7.01p Hyperref: PDF Unicode definition (HO)
Now handling font encoding PU ...
... no UTF-8 mapping file for font encoding PU
)
Package hyperref Info: Hyper figures OFF on input line 4201.
Package hyperref Info: Link nesting OFF on input line 4206.
Package hyperref Info: Hyper index ON on input line 4209.
Package hyperref Info: Plain pages OFF on input line 4216.
Package hyperref Info: Backreferencing OFF on input line 4221.
Package hyperref Info: Implicit mode ON; LaTeX internals redefined.
Package hyperref Info: Bookmarks ON on input line 4468.
\c@Hy@tempcnt=\count318
 (C:\Users\Dennis\AppData\Local\Programs\MiKTeX\tex/latex/url\url.sty
\Urlmuskip=\muskip17
Package: url 2013/09/16  ver 3.4  Verb mode for urls, etc.
)
LaTeX Info: Redefining \url on input line 4807.
\XeTeXLinkMargin=\dimen267
 (C:\Users\Dennis\AppData\Local\Programs\MiKTeX\tex/generic/bitset\bitset.sty
Package: bitset 2019/12/09 v1.3 Handle bit-vector datatype (HO)
 (C:\Users\Dennis\AppData\Local\Programs\MiKTeX\tex/generic/bigintcalc\bigintcalc.sty
Package: bigintcalc 2019/12/15 v1.5 Expandable calculations on big integers (HO)
))
\Fld@menulength=\count319
\Field@Width=\dimen268
\Fld@charsize=\dimen269
Package hyperref Info: Hyper figures OFF on input line 6084.
Package hyperref Info: Link nesting OFF on input line 6089.
Package hyperref Info: Hyper index ON on input line 6092.
Package hyperref Info: backreferencing OFF on input line 6099.
Package hyperref Info: Link coloring OFF on input line 6104.
Package hyperref Info: Link coloring with OCG OFF on input line 6109.
Package hyperref Info: PDF/A mode OFF on input line 6114.
\Hy@abspage=\count320
\c@Item=\count321
\c@Hfootnote=\count322
)
Package hyperref Info: Driver (autodetected): hpdftex.
 (C:\Users\Dennis\AppData\Local\Programs\MiKTeX\tex/latex/hyperref\hpdftex.def
File: hpdftex.def 2026-01-29 v7.01p Hyperref driver for pdfTeX
\Fld@listcount=\count323
\c@bookmark@seq@number=\count324
 (C:\Users\Dennis\AppData\Local\Programs\MiKTeX\tex/latex/rerunfilecheck\rerunfilecheck.sty
Package: rerunfilecheck 2025-06-21 v1.11 Rerun checks for auxiliary files (HO)
 (C:\Users\Dennis\AppData\Local\Programs\MiKTeX\tex/generic/uniquecounter\uniquecounter.sty
Package: uniquecounter 2019/12/15 v1.4 Provide unlimited unique counter (HO)
)
Package uniquecounter Info: New unique counter `rerunfilecheck' on input line 284.
)
\Hy@SectionHShift=\skip53
)
Package hyperref Info: Option `colorlinks' set `true' on input line 14.
 (C:\Users\Dennis\AppData\Local\Programs\MiKTeX\tex/latex/geometry\geometry.sty
Package: geometry 2020/01/02 v5.9 Page Geometry
 (C:\Users\Dennis\AppData\Local\Programs\MiKTeX\tex/generic/iftex\ifvtex.sty
Package: ifvtex 2019/10/25 v1.7 ifvtex legacy package. Use iftex instead.
)
\Gm@cnth=\count325
\Gm@cntv=\count326
\c@Gm@tempcnt=\count327
\Gm@bindingoffset=\dimen270
\Gm@wd@mp=\dimen271
\Gm@odd@mp=\dimen272
\Gm@even@mp=\dimen273
\Gm@layoutwidth=\dimen274
\Gm@layoutheight=\dimen275
\Gm@layouthoffset=\dimen276
\Gm@layoutvoffset=\dimen277
\Gm@dimlist=\toks37
 (C:\Users\Dennis\AppData\Local\Programs\MiKTeX\tex/latex/geometry\geometry.cfg)) (C:\Users\Dennis\AppData\Local\Programs\MiKTeX\tex/latex/setspace\setspace.sty
Package: setspace 2022/12/04 v6.7b set line spacing
) (C:\Users\Dennis\AppData\Local\Programs\MiKTeX\tex/latex/tools\longtable.sty
Package: longtable 2025-10-13 v4.24 Multi-page Table package (DPC)
\LTleft=\skip54
\LTright=\skip55
\LTpre=\skip56
\LTpost=\skip57
\LTchunksize=\count328
\LTcapwidth=\dimen278
\LT@head=\box75
\LT@firsthead=\box76
\LT@foot=\box77
\LT@lastfoot=\box78
\LT@gbox=\box79
\LT@cols=\count329
\LT@rows=\count330
\c@LT@tables=\count331
\c@LT@chunks=\count332
\LT@p@ftn=\toks38
) (C:\Users\Dennis\AppData\Local\Programs\MiKTeX\tex/latex/colortbl\colortbl.sty
Package: colortbl 2024/10/29 v1.0k Color table columns (DPC)
\everycr=\toks39
\minrowclearance=\skip58
\rownum=\count333
) (C:\Users\Dennis\AppData\Local\Programs\MiKTeX\tex/latex/fancyhdr\fancyhdr.sty
Package: fancyhdr 2025/02/07 v5.2 Extensive control of page headers and footers
\f@nch@headwidth=\skip59
\f@nch@offset@elh=\skip60
\f@nch@offset@erh=\skip61
\f@nch@offset@olh=\skip62
\f@nch@offset@orh=\skip63
\f@nch@offset@elf=\skip64
\f@nch@offset@erf=\skip65
\f@nch@offset@olf=\skip66
\f@nch@offset@orf=\skip67
\f@nch@height=\skip68
\f@nch@footalignment=\skip69
\f@nch@widthL=\skip70
\f@nch@widthC=\skip71
\f@nch@widthR=\skip72
\@temptokenb=\toks40
) (C:\Users\Dennis\AppData\Local\Programs\MiKTeX\tex/latex/float\float.sty
Package: float 2001/11/08 v1.3d Float enhancements (AL)
\c@float@type=\count334
\float@exts=\toks41
\float@box=\box80
\@float@everytoks=\toks42
\@floatcapt=\box81
) (C:\Users\Dennis\AppData\Local\Programs\MiKTeX\tex/latex/enumitem\enumitem.sty
Package: enumitem 2025/02/06 v3.11 Customized lists
\labelindent=\skip73
\enit@outerparindent=\dimen279
\enit@toks=\toks43
\enit@inbox=\box82
\enit@count@id=\count335
\enitdp@description=\count336
) (C:\Users\Dennis\AppData\Local\Programs\MiKTeX\tex/latex/titlesec\titlesec.sty
Package: titlesec 2025/01/04 v2.17 Sectioning titles
\ttl@box=\box83
\beforetitleunit=\skip74
\aftertitleunit=\skip75
\ttl@plus=\dimen280
\ttl@minus=\dimen281
\ttl@toksa=\toks44
\titlewidth=\dimen282
\titlewidthlast=\dimen283
\titlewidthfirst=\dimen284
) (C:\Users\Dennis\AppData\Local\Programs\MiKTeX\tex/latex/amsfonts\amssymb.sty
Package: amssymb 2013/01/14 v3.01 AMS font symbols
 (C:\Users\Dennis\AppData\Local\Programs\MiKTeX\tex/latex/amsfonts\amsfonts.sty
Package: amsfonts 2013/01/14 v3.01 Basic AMSFonts support
\@emptytoks=\toks45
\symAMSa=\mathgroup4
\symAMSb=\mathgroup5
LaTeX Font Info:    Redeclaring math symbol \hbar on input line 98.
LaTeX Font Info:    Overwriting math alphabet `\mathfrak' in version `bold'
(Font)                  U/euf/m/n --> U/euf/b/n on input line 106.
)) (C:\Users\Dennis\AppData\Local\Programs\MiKTeX\tex/latex/base\fontenc.sty
Package: fontenc 2025/07/18 v2.1d Standard LaTeX package
) (C:\Users\Dennis\AppData\Local\Programs\MiKTeX\tex/latex/l3backend\l3backend-pdftex.def
File: l3backend-pdftex.def 2025-10-09 L3 backend support: PDF output (pdfTeX)
\l__color_backend_stack_int=\count337
) (analisi_dei_requisiti.aux)
\openout1 = `analisi_dei_requisiti.aux'.

LaTeX Font Info:    Checking defaults for OML/cmm/m/it on input line 54.
LaTeX Font Info:    ... okay on input line 54.
LaTeX Font Info:    Checking defaults for OMS/cmsy/m/n on input line 54.
LaTeX Font Info:    ... okay on input line 54.
LaTeX Font Info:    Checking defaults for OT1/cmr/m/n on input line 54.
LaTeX Font Info:    ... okay on input line 54.
LaTeX Font Info:    Checking defaults for T1/cmr/m/n on input line 54.
LaTeX Font Info:    ... okay on input line 54.
LaTeX Font Info:    Checking defaults for TS1/cmr/m/n on input line 54.
LaTeX Font Info:    ... okay on input line 54.
LaTeX Font Info:    Checking defaults for OMX/cmex/m/n on input line 54.
LaTeX Font Info:    ... okay on input line 54.
LaTeX Font Info:    Checking defaults for U/cmr/m/n on input line 54.
LaTeX Font Info:    ... okay on input line 54.
LaTeX Font Info:    Checking defaults for PD1/pdf/m/n on input line 54.
LaTeX Font Info:    ... okay on input line 54.
LaTeX Font Info:    Checking defaults for PU/pdf/m/n on input line 54.
LaTeX Font Info:    ... okay on input line 54.
 (C:\Users\Dennis\AppData\Local\Programs\MiKTeX\tex/context/base/mkii\supp-pdf.mkii
[Loading MPS to PDF converter (version 2006.09.02).]
\scratchcounter=\count338
\scratchdimen=\dimen285
\scratchbox=\box84
\nofMPsegments=\count339
\nofMParguments=\count340
\everyMPshowfont=\toks46
\MPscratchCnt=\count341
\MPscratchDim=\dimen286
\MPnumerator=\count342
\makeMPintoPDFobject=\count343
\everyMPtoPDFconversion=\toks47
) (C:\Users\Dennis\AppData\Local\Programs\MiKTeX\tex/latex/epstopdf-pkg\epstopdf-base.sty
Package: epstopdf-base 2020-01-24 v2.11 Base part for package epstopdf
 (C:\Users\Dennis\AppData\Local\Programs\MiKTeX\tex/latex/grfext\grfext.sty
Package: grfext 2019/12/03 v1.3 Manage graphics extensions (HO)
)
Package epstopdf-base Info: Redefining graphics rule for `.eps' on input line 485.
Package grfext Info: Graphics extension search list:
(grfext)             [.pdf,.png,.jpg,.mps,.jpeg,.jbig2,.jb2,.PDF,.PNG,.JPG,.JPEG,.JBIG2,.JB2,.eps]
(grfext)             \AppendGraphicsExtensions on input line 504.
 (C:\Users\Dennis\AppData\Local\Programs\MiKTeX\tex/latex/00miktex\epstopdf-sys.cfg
File: epstopdf-sys.cfg 2021/03/18 v2.0 Configuration of epstopdf for MiKTeX
))
LaTeX Info: Redefining \it@ocap on input line 54.
LaTeX Info: Redefining \it@ccap on input line 54.
Package hyperref Info: Link coloring ON on input line 54.
\@outlinefile=\write4
\openout4 = `analisi_dei_requisiti.out'.


*geometry* driver: auto-detecting
*geometry* detected driver: pdftex
*geometry* verbose mode - [ preamble ] result:
* driver: pdftex
* paper: a4paper
* layout: <same size as paper>
* layoutoffset:(h,v)=(0.0pt,0.0pt)
* modes: 
* h-part:(L,W,R)=(71.13188pt, 455.24411pt, 71.13188pt)
* v-part:(T,H,B)=(71.13188pt, 702.78308pt, 71.13188pt)
* \paperwidth=597.50787pt
* \paperheight=845.04684pt
* \textwidth=455.24411pt
* \textheight=702.78308pt
* \oddsidemargin=-1.1381pt
* \evensidemargin=-1.1381pt
* \topmargin=-56.1381pt
* \headheight=30.0pt
* \headsep=25.0pt
* \topskip=12.0pt
* \footskip=30.0pt
* \marginparwidth=35.0pt
* \marginparsep=10.0pt
* \columnsep=10.0pt
* \skip\footins=10.8pt plus 4.0pt minus 2.0pt
* \hoffset=0.0pt
* \voffset=0.0pt
* \mag=1000
* \@twocolumnfalse
* \@twosidefalse
* \@mparswitchfalse
* \@reversemarginfalse
* (1in=72.27pt=25.4mm, 1cm=28.453pt)

LaTeX Font Info:    Trying to load font information for U+msa on input line 65.
(C:\Users\Dennis\AppData\Local\Programs\MiKTeX\tex/latex/amsfonts\umsa.fd
File: umsa.fd 2013/01/14 v3.01 AMS symbols A
)
LaTeX Font Info:    Trying to load font information for U+msb on input line 65.
 (C:\Users\Dennis\AppData\Local\Programs\MiKTeX\tex/latex/amsfonts\umsb.fd
File: umsb.fd 2013/01/14 v3.01 AMS symbols B
) [1{C:/Users/Dennis/AppData/Local/MiKTeX/fonts/map/pdftex/pdftex.map}

]

LaTeX Warning: Reference `sec:funzioni_prodotto' on page 2 undefined on input line 211.


LaTeX Warning: Reference `sec:prospettiva_prodotto' on page 2 undefined on input line 211.


LaTeX Warning: Reference `sec:caratteristiche_utente' on page 2 undefined on input line 211.


LaTeX Warning: Reference `sec:scopo_documento' on page 2 undefined on input line 214.


LaTeX Warning: Reference `sec:prospettiva_prodotto' on page 2 undefined on input line 214.


LaTeX Warning: Reference `sec:caratteristiche_utente' on page 2 undefined on input line 214.


LaTeX Warning: Reference `sec:riferimenti' on page 2 undefined on input line 214.


LaTeX Warning: Reference `sec:riferimenti_normativi' on page 2 undefined on input line 214.


LaTeX Warning: Reference `sec:riferimenti_informativi' on page 2 undefined on input line 214.

c:/Users/Dennis/Desktop/universita/progettoSWE/SWE-project/src/RTB/documenti_esterni/analisi_dei_requisiti.tex:219: ignored: Infinite glue shrinkage found in box being split [2

]
c:/Users/Dennis/Desktop/universita/progettoSWE/SWE-project/src/RTB/documenti_esterni/analisi_dei_requisiti.tex:219: ignored: Infinite glue shrinkage found in box being split [3] [4]
No file analisi_dei_requisiti.toc.
\tf@toc=\write5
\openout5 = `analisi_dei_requisiti.toc'.

[5

] [6

] [7] [8] [9] [10]

LaTeX Warning: Hyper reference `nomenclatura-casi-duso' on page 11 undefined on input line 371.


Overfull \hbox (491.2863pt too wide) in alignment at lines 380--413
 [] [] [] [] [] 
 []

c:/Users/Dennis/Desktop/universita/progettoSWE/SWE-project/src/RTB/documenti_esterni/analisi_dei_requisiti.tex:413: ignored: Infinite glue shrinkage found in box being split [11]

LaTeX Warning: Reference `subsec:UC-2' on page 12 undefined on input line 461.

[12]

LaTeX Warning: Reference `subsec:UC-2' on page 13 undefined on input line 465.

[13]

LaTeX Warning: Reference `subsec:UC-3.1' on page 14 undefined on input line 519.


LaTeX Warning: Reference `subsec:UC-3.2' on page 14 undefined on input line 520.


LaTeX Warning: Reference `subsec:UC-3.3' on page 14 undefined on input line 521.


LaTeX Warning: Reference `subsec:UC-3.4' on page 14 undefined on input line 522.


LaTeX Warning: Reference `subsec:UC-4' on page 14 undefined on input line 527.


LaTeX Warning: Reference `subsec:UC-1' on page 14 undefined on input line 528.


LaTeX Warning: Reference `subsec:UC-3.1' on page 14 undefined on input line 532.


LaTeX Warning: Reference `subsec:UC-3.2' on page 14 undefined on input line 533.


LaTeX Warning: Reference `subsec:UC-3.3' on page 14 undefined on input line 534.


LaTeX Warning: Reference `subsec:UC-3.4' on page 14 undefined on input line 535.


LaTeX Warning: Reference `subsec:UC-4' on page 14 undefined on input line 539.


LaTeX Warning: Reference `subsec:UC-1' on page 14 undefined on input line 540.

[14] [15]

LaTeX Warning: Reference `subsec:UC-25' on page 16 undefined on input line 610.


LaTeX Warning: Reference `subsec:UC-5' on page 16 undefined on input line 614.


LaTeX Warning: Reference `subsec:UC-23.1' on page 16 undefined on input line 618.


LaTeX Warning: Reference `subsec:UC-5' on page 16 undefined on input line 622.


LaTeX Warning: Reference `subsec:UC-8' on page 16 undefined on input line 644.


LaTeX Warning: Reference `subsec:UC-5' on page 16 undefined on input line 648.


LaTeX Warning: Reference `subsec:UC-8' on page 16 undefined on input line 652.

[16]

LaTeX Warning: Reference `subsec:UC-5' on page 17 undefined on input line 656.


LaTeX Warning: Reference `subsec:UC-6.1' on page 17 undefined on input line 701.


LaTeX Warning: Reference `subsec:UC-1.1' on page 17 undefined on input line 703.

[17]

LaTeX Warning: Reference `subsec:UC-7.1' on page 18 undefined on input line 743.


LaTeX Warning: Reference `subsec:UC-7.2' on page 18 undefined on input line 744.


LaTeX Warning: Reference `subsec:UC-7.3' on page 18 undefined on input line 745.

[18] [19]

LaTeX Warning: Reference `subsec:UC-8.1' on page 20 undefined on input line 822.


LaTeX Warning: Reference `subsec:UC-8.2' on page 20 undefined on input line 823.


LaTeX Warning: Reference `subsec:UC-8.3' on page 20 undefined on input line 824.


LaTeX Warning: Reference `subsec:UC-9' on page 20 undefined on input line 829.


LaTeX Warning: Reference `subsec:UC-8.1' on page 20 undefined on input line 833.


LaTeX Warning: Reference `subsec:UC-8.2' on page 20 undefined on input line 834.


LaTeX Warning: Reference `subsec:UC-8.3' on page 20 undefined on input line 835.


LaTeX Warning: Reference `subsec:UC-9' on page 20 undefined on input line 839.

[20]

LaTeX Warning: Reference `subsec:UC-10' on page 21 undefined on input line 881.


LaTeX Warning: Reference `sec:UC-10' on page 21 undefined on input line 883.

[21]

LaTeX Warning: Reference `subsec:UC-11' on page 22 undefined on input line 905.


LaTeX Warning: Reference `sec:UC-11' on page 22 undefined on input line 907.

[22] [23]

LaTeX Warning: Reference `subsec:UC-12.1' on page 24 undefined on input line 1000.


LaTeX Warning: Reference `subsec:UC-12.2' on page 24 undefined on input line 1001.


LaTeX Warning: Reference `subsec:UC-12.3' on page 24 undefined on input line 1002.


LaTeX Warning: Reference `subsec:UC-9' on page 24 undefined on input line 1007.


LaTeX Warning: Reference `subsec:UC-12.1' on page 24 undefined on input line 1011.


LaTeX Warning: Reference `subsec:UC-12.2' on page 24 undefined on input line 1012.


LaTeX Warning: Reference `subsec:UC-12.3' on page 24 undefined on input line 1013.


LaTeX Warning: Reference `subsec:UC-9' on page 24 undefined on input line 1017.

[24]

LaTeX Warning: Reference `subsec:UC-10' on page 25 undefined on input line 1063.


LaTeX Warning: Reference `sec:UC-10' on page 25 undefined on input line 1065.

[25]

LaTeX Warning: Reference `subsec:UC-11' on page 26 undefined on input line 1089.


LaTeX Warning: Reference `sec:UC-11' on page 26 undefined on input line 1091.

[26]

LaTeX Warning: Reference `subsec:UC-13.1' on page 27 undefined on input line 1114.


LaTeX Warning: Reference `sec:UC-13.1' on page 27 undefined on input line 1117.


LaTeX Warning: Reference `subsec:UC-14' on page 27 undefined on input line 1140.


LaTeX Warning: Reference `sec:UC-14' on page 27 undefined on input line 1142.

[27] [28] [29]

LaTeX Warning: Reference `subsec:UC-19.1' on page 30 undefined on input line 1271.


LaTeX Warning: Reference `subsec:UC-19.2' on page 30 undefined on input line 1272.


LaTeX Warning: Reference `subsec:UC-19.1' on page 30 undefined on input line 1280.


LaTeX Warning: Reference `subsec:UC-19.2' on page 30 undefined on input line 1281.

[30]

LaTeX Warning: Reference `subsec:UC-20.1' on page 31 undefined on input line 1331.


LaTeX Warning: Reference `subsec:UC-21' on page 31 undefined on input line 1332.

[31]

LaTeX Warning: Reference `subsec:UC-20.1' on page 32 undefined on input line 1336.


LaTeX Warning: Reference `subsec:UC-21' on page 32 undefined on input line 1337.

[32]

LaTeX Warning: Reference `subsec:UC-24' on page 33 undefined on input line 1407.


LaTeX Warning: Reference `subsec:UC-20' on page 33 undefined on input line 1413.

[33]

LaTeX Warning: Reference `subsec:UC-24' on page 34 undefined on input line 1417.


LaTeX Warning: Reference `subsec:UC-20' on page 34 undefined on input line 1421.


LaTeX Warning: Reference `subsec:UC-24' on page 34 undefined on input line 1443.


LaTeX Warning: Reference `subsec:UC-23.1' on page 34 undefined on input line 1449.


LaTeX Warning: Reference `subsec:UC-24' on page 34 undefined on input line 1453.


LaTeX Warning: Reference `subsec:UC-23.1' on page 34 undefined on input line 1457.

[34]

LaTeX Warning: Reference `subsec:UC-23.1.1' on page 35 undefined on input line 1483.


LaTeX Warning: Reference `subsec:UC-21' on page 35 undefined on input line 1484.


LaTeX Warning: Reference `subsec:UC-23.1.1' on page 35 undefined on input line 1488.


LaTeX Warning: Reference `subsec:UC-21' on page 35 undefined on input line 1489.

[35]

LaTeX Warning: Reference `subsec:UC-25' on page 36 undefined on input line 1516.


LaTeX Warning: Reference `subsec:UC-26' on page 36 undefined on input line 1517.


LaTeX Warning: Reference `subsec:UC-25' on page 36 undefined on input line 1521.


LaTeX Warning: Reference `subsec:UC-26' on page 36 undefined on input line 1522.

[36] [37]

LaTeX Warning: Reference `subsec:UC-27.1' on page 38 undefined on input line 1617.


LaTeX Warning: Reference `subsec:UC-27.1' on page 38 undefined on input line 1621.

[38]

LaTeX Warning: Reference `subsec:UC-27.1.1' on page 39 undefined on input line 1644.


LaTeX Warning: Reference `subsec:UC-27.1.1' on page 39 undefined on input line 1648.

[39] [40] [41] [42]

LaTeX Warning: Reference `sec:UC-33.1' on page 43 undefined on input line 1820.


LaTeX Warning: Reference `sec:UC-33.2' on page 43 undefined on input line 1821.


LaTeX Warning: Reference `sec:UC-33.1' on page 43 undefined on input line 1825.


LaTeX Warning: Reference `sec:UC-33.2' on page 43 undefined on input line 1826.


LaTeX Warning: Reference `sec:UC-34' on page 43 undefined on input line 1850.


LaTeX Warning: Reference `sec:UC-34' on page 43 undefined on input line 1854.

[43]

LaTeX Warning: Reference `sec:UC-34' on page 44 undefined on input line 1877.


LaTeX Warning: Reference `sec:UC-34' on page 44 undefined on input line 1881.

[44]

LaTeX Warning: Reference `subsec:UC-35.1' on page 45 undefined on input line 1945.


LaTeX Warning: Reference `subsec:UC-35.2' on page 45 undefined on input line 1946.


LaTeX Warning: Reference `subsec:UC-35.3' on page 45 undefined on input line 1947.


LaTeX Warning: Reference `sec:UC-35.1' on page 45 undefined on input line 1951.


LaTeX Warning: Reference `sec:UC-35.2' on page 45 undefined on input line 1952.


LaTeX Warning: Reference `sec:UC-35.3' on page 45 undefined on input line 1953.

[45] [46]

LaTeX Warning: Reference `sec:UC-35.1' on page 47 undefined on input line 2021.


LaTeX Warning: Reference `subsec:UC-38' on page 47 undefined on input line 2047.


LaTeX Warning: Reference `sec:UC-38' on page 47 undefined on input line 2049.

[47]

LaTeX Warning: Reference `subsec:UC-38' on page 48 undefined on input line 2073.


LaTeX Warning: Reference `sec:UC-38' on page 48 undefined on input line 2075.

[48]

LaTeX Warning: Reference `subsec:UC-39.1' on page 49 undefined on input line 2096.


LaTeX Warning: Reference `subsec:UC-39.1' on page 49 undefined on input line 2100.


LaTeX Warning: Reference `subsec:UC-39.1.1' on page 49 undefined on input line 2121.


LaTeX Warning: Reference `subsec:UC-39.1.1' on page 49 undefined on input line 2125.

[49]

LaTeX Warning: Reference `subsec:UC-40.1' on page 50 undefined on input line 2166.


LaTeX Warning: Reference `subsec:UC-40.2' on page 50 undefined on input line 2170.


LaTeX Warning: Reference `subsec:UC-40.1' on page 50 undefined on input line 2172.


LaTeX Warning: Reference `sec:UC-40.2' on page 50 undefined on input line 2173.

[50]

LaTeX Warning: Reference `subsec:UC-40.1.1' on page 51 undefined on input line 2193.


LaTeX Warning: Reference `subsec:UC-40.1.2' on page 51 undefined on input line 2194.


LaTeX Warning: Reference `subsec:UC-40.1.1' on page 51 undefined on input line 2199.


LaTeX Warning: Reference `subsec:UC-40.1.2' on page 51 undefined on input line 2200.

[51] [52]

LaTeX Warning: Reference `subsec:UC-40' on page 53 undefined on input line 2282.


LaTeX Warning: Reference `subsec:UC-40' on page 53 undefined on input line 2284.


LaTeX Warning: Reference `subsec:UC-42.1' on page 53 undefined on input line 2305.


LaTeX Warning: Reference `subsec:UC-42.1' on page 53 undefined on input line 2308.

[53]

LaTeX Warning: Reference `subsec:UC-42.1.1' on page 54 undefined on input line 2331.


LaTeX Warning: Reference `sec:UC-42.1.1' on page 54 undefined on input line 2333.

[54]

LaTeX Warning: Reference `subsec:UC-43.1' on page 55 undefined on input line 2376.


LaTeX Warning: Reference `subsec:UC-43.1' on page 55 undefined on input line 2379.

[55]

LaTeX Warning: Reference `subsec:UC-44.1' on page 56 undefined on input line 2422.


LaTeX Warning: Reference `subsec:UC-44.1' on page 56 undefined on input line 2424.


LaTeX Warning: Reference `subsec:UC-45.1' on page 56 undefined on input line 2465.

[56]

LaTeX Warning: Reference `subsec:UC-45.1' on page 57 undefined on input line 2467.


LaTeX Warning: Reference `subsec:UC-45.1.1' on page 57 undefined on input line 2486.


LaTeX Warning: Reference `subsec:UC-45.1.2' on page 57 undefined on input line 2487.


LaTeX Warning: Reference `subsec:UC-45.1.1' on page 57 undefined on input line 2491.


LaTeX Warning: Reference `subsec:UC-45.1.2' on page 57 undefined on input line 2492.

[57] [58]

LaTeX Warning: Reference `subsec:UC-49.1' on page 59 undefined on input line 2568.


LaTeX Warning: Reference `subsec:UC-49.1' on page 59 undefined on input line 2571.

[59]

LaTeX Warning: Reference `subsec:UC-51' on page 60 undefined on input line 2615.


LaTeX Warning: Reference `subsec:UC-51' on page 60 undefined on input line 2617.

[60]

LaTeX Warning: Reference `subsec:UC-52.1' on page 61 undefined on input line 2658.


LaTeX Warning: Reference `subsec:UC-52.1' on page 61 undefined on input line 2661.

[61]

LaTeX Warning: Reference `subsec:UC-53.1' on page 62 undefined on input line 2704.


LaTeX Warning: Reference `subsec:UC-53.1' on page 62 undefined on input line 2706.

[62]

LaTeX Warning: Reference `subsec:UC-55' on page 63 undefined on input line 2750.


LaTeX Warning: Reference `subsec:UC-55' on page 63 undefined on input line 2752.

[63]

LaTeX Warning: Reference `subsec:UC-56' on page 64 undefined on input line 2778.


LaTeX Warning: Reference `subsec:UC-56' on page 64 undefined on input line 2780.

[64] (analisi_dei_requisiti.aux)
 ***********
LaTeX2e <2025-11-01>
L3 programming layer <2026-01-19>
 ***********


LaTeX Warning: There were undefined references.


LaTeX Warning: Label(s) may have changed. Rerun to get cross-references right.


Package rerunfilecheck Warning: File `analisi_dei_requisiti.out' has changed.
(rerunfilecheck)                Rerun to get outlines right
(rerunfilecheck)                or use package `bookmark'.

Package rerunfilecheck Info: Checksums for `analisi_dei_requisiti.out':
(rerunfilecheck)             Before: <no file>
(rerunfilecheck)             After:  FEC8DCE79C37E579AEDD0D6E3B6796FF;31088.
 ) 
Here is how much of TeX's memory you used:
 25115 strings o